 PSINS

 Timestamp is 66409e67 (Sun May 12 18:48:07 2024)

 Preferred load address is 00400000

 Start         Length     Name                   Class
 0001:00000000 0005afb8H .text                   CODE
 0001:0005afc0 00000723H .text$x                 CODE
 0002:00000000 000027a8H .rdata                  DATA
 0002:000027a8 0000017cH .rdata$r                DATA
 0002:00002928 00000958H .xdata$x                DATA
 0002:00003280 00000699H .edata                  DATA
 0003:00000000 00000004H .CRT$XCA                DATA
 0003:00000004 00000028H .CRT$XCU                DATA
 0003:0000002c 00000004H .CRT$XCZ                DATA
 0003:00000030 00000004H .CRT$XIA                DATA
 0003:00000034 00000010H .CRT$XIC                DATA
 0003:00000044 00000004H .CRT$XIY                DATA
 0003:00000048 00000004H .CRT$XIZ                DATA
 0003:0000004c 00000004H .CRT$XPA                DATA
 0003:00000050 00000004H .CRT$XPX                DATA
 0003:00000054 00000004H .CRT$XPZ                DATA
 0003:00000058 00000004H .CRT$XTA                DATA
 0003:0000005c 00000004H .CRT$XTB                DATA
 0003:00000060 00000004H .CRT$XTZ                DATA
 0003:00000070 00003944H .data                   DATA
 0003:000039c0 00003089H .bss                    DATA
 0004:00000000 0000003cH .idata$2                DATA
 0004:0000003c 00000014H .idata$3                DATA
 0004:00000050 000001b0H .idata$4                DATA
 0004:00000200 000001b0H .idata$5                DATA
 0004:000003b0 00000782H .idata$6                DATA

  Address         Publics by Value              Rva+Base     Lib:Object

 0001:00000000       ??0CKFApp@@QAE@N@Z         00401000 f   KFApp.obj
 0001:00000060       ?Init@CKFApp@@UAEXABVCSINS@@H@Z 00401060 f   KFApp.obj
 0001:000004a0       ?RTOutput@CSINSTDKF@@UAEXXZ 004014a0 f i KFApp.obj
 0001:000004d0       ?Miscellanous@CSINSTDKF@@UAEXXZ 004014d0 f i KFApp.obj
 0001:00000500       ?SecretAttitude@CSINSTDKF@@UAEXXZ 00401500 f i KFApp.obj
 0001:00000530       ?SetMeas@CSINSGNSS@@UAEXXZ 00401530 f i KFApp.obj
 0001:00000560       _main                      00401560 f   Main_SinsGps.obj
 0001:00000a00       ??1CFileRdSr@@QAE@XZ       00401a00 f i Main_SinsGps.obj
 0001:00000a40       ??0CFileRdSr@@QAE@PBD@Z    00401a40 f i Main_SinsGps.obj
 0001:00000b00       ?load@CFileRdSr@@QAEHH@Z   00401b00 f i Main_SinsGps.obj
 0001:00000b50       ??0DataSensor@@QAE@XZ      00401b50 f i Main_SinsGps.obj
 0001:00001140       ??0CGLV@@QAE@NNN@Z         00402140 f   PSINS.obj
 0001:00001440       ?toc@CGLV@@QAEHH@Z         00402440 f   PSINS.obj
 0001:000014b0       ??1CGLV@@QAE@XZ            004024b0 f   PSINS.obj
 0001:000014f0       ??0CVect3@@QAE@XZ          004024f0 f   PSINS.obj
 0001:00001520       ??0CVect3@@QAE@N@Z         00402520 f   PSINS.obj
 0001:00001580       ??0CVect3@@QAE@NNN@Z       00402580 f   PSINS.obj
 0001:000015e0       ??0CVect3@@QAE@PBN@Z       004025e0 f   PSINS.obj
 0001:00001650       ??0CVect3@@QAE@PBM@Z       00402650 f   PSINS.obj
 0001:000016b0       ?IsZero@@YAHABVCVect3@@N@Z 004026b0 f   PSINS.obj
 0001:00001750       ?IsZeroXY@@YAHABVCVect3@@N@Z 00402750 f   PSINS.obj
 0001:000017d0       ?IsNaN@@YAHABVCVect3@@@Z   004027d0 f   PSINS.obj
 0001:00001800       ??HCVect3@@QBE?AV0@ABV0@@Z 00402800 f   PSINS.obj
 0001:00001880       ??GCVect3@@QBE?AV0@ABV0@@Z 00402880 f   PSINS.obj
 0001:00001900       ??DCVect3@@QBE?AV0@ABV0@@Z 00402900 f   PSINS.obj
 0001:000019b0       ??DCVect3@@QBE?AV0@N@Z     004029b0 f   PSINS.obj
 0001:00001a30       ??DCVect3@@QBE?AV0@ABVCMat3@@@Z 00402a30 f   PSINS.obj
 0001:00001b00       ??KCVect3@@QBE?AV0@N@Z     00402b00 f   PSINS.obj
 0001:00001b80       ??KCVect3@@QBE?AV0@ABV0@@Z 00402b80 f   PSINS.obj
 0001:00001c00       ??4CVect3@@QAEAAV0@N@Z     00402c00 f   PSINS.obj
 0001:00001c60       ??4CVect3@@QAEAAV0@PBN@Z   00402c60 f   PSINS.obj
 0001:00001cd0       ??YCVect3@@QAEAAV0@ABV0@@Z 00402cd0 f   PSINS.obj
 0001:00001d30       ??ZCVect3@@QAEAAV0@ABV0@@Z 00402d30 f   PSINS.obj
 0001:00001d90       ??XCVect3@@QAEAAV0@N@Z     00402d90 f   PSINS.obj
 0001:00001df0       ??_0CVect3@@QAEAAV0@N@Z    00402df0 f   PSINS.obj
 0001:00001e50       ??_0CVect3@@QAEAAV0@ABV0@@Z 00402e50 f   PSINS.obj
 0001:00001eb0       ??D@YA?AVCVect3@@NABV0@@Z  00402eb0 f   PSINS.obj
 0001:00001f20       ??G@YA?AVCVect3@@ABV0@@Z   00402f20 f   PSINS.obj
 0001:00001f90       ??RCVect3@@QAEAANH@Z       00402f90 f   PSINS.obj
 0001:00001fc0       ?crossXY@@YANABVCVect3@@0@Z 00402fc0 f   PSINS.obj
 0001:00002000       ?vxv@@YA?AVCMat3@@ABVCVect3@@0@Z 00403000 f   PSINS.obj
 0001:000020f0       ?sqrt@@YA?AVCVect3@@ABV1@@Z 004030f0 f   PSINS.obj
 0001:00002170       ?pow@@YA?AVCVect3@@ABV1@H@Z 00403170 f   PSINS.obj
 0001:000021f0       ?abs@@YA?AVCVect3@@ABV1@@Z 004031f0 f   PSINS.obj
 0001:000022e0       ?absp@@YA?AVCVect3@@ABV1@@Z 004032e0 f   PSINS.obj
 0001:00002360       ?absp@@YANN@Z              00403360 f i PSINS.obj
 0001:000023b0       ?maxabs@@YA?AVCVect3@@ABV1@0@Z 004033b0 f   PSINS.obj
 0001:000025b0       ?norm@@YANABVCVect3@@@Z    004035b0 f   PSINS.obj
 0001:00002610       ?normlize@@YANPAVCVect3@@@Z 00403610 f   PSINS.obj
 0001:00002680       ?normInf@@YANABVCVect3@@@Z 00403680 f   PSINS.obj
 0001:000027c0       ?normXY@@YANABVCVect3@@@Z  004037c0 f   PSINS.obj
 0001:00002810       ?normXYInf@@YANABVCVect3@@@Z 00403810 f   PSINS.obj
 0001:000028d0       ?dot@@YANABVCVect3@@0@Z    004038d0 f   PSINS.obj
 0001:00002920       ?dotmul@@YA?AVCVect3@@ABV1@0@Z 00403920 f   PSINS.obj
 0001:000029a0       ?dotdiv@@YA?AVCVect3@@ABV1@0@Z 004039a0 f   PSINS.obj
 0001:00002a20       ?rv2q@@YA?AVCQuat@@ABVCVect3@@@Z 00403a20 f   PSINS.obj
 0001:00002b70       ?rv2m@@YA?AVCMat3@@ABVCVect3@@@Z 00403b70 f   PSINS.obj
 0001:00002bd0       ?askew@@YA?AVCMat3@@ABVCVect3@@@Z 00403bd0 f   PSINS.obj
 0001:00002c70       ?pos2Cen@@YA?AVCMat3@@ABVCVect3@@@Z 00403c70 f   PSINS.obj
 0001:00002d70       ?pp2vn@@YA?AVCVect3@@ABV1@0NPAVCEarth@@@Z 00403d70 f   PSINS.obj
 0001:00002ec0       ?pp2att@@YA?AVCVect3@@ABV1@0@Z 00403ec0 f   PSINS.obj
 0001:00002f30       ?sinAng@@YANABVCVect3@@00@Z 00403f30 f   PSINS.obj
 0001:00003020       ?MagYaw@@YANABVCVect3@@0N@Z 00404020 f   PSINS.obj
 0001:00003110       ?xyz2blh@@YA?AVCVect3@@ABV1@@Z 00404110 f   PSINS.obj
 0001:000032d0       ?blh2xyz@@YA?AVCVect3@@ABV1@@Z 004042d0 f   PSINS.obj
 0001:000033e0       ?Vxyz2enu@@YA?AVCVect3@@ABV1@0@Z 004043e0 f   PSINS.obj
 0001:00003440       ?v2double@@YA?AVCVect3@@N@Z 00404440 f   PSINS.obj
 0001:00003510       ?v3double@@YA?AVCVect3@@N@Z 00404510 f   PSINS.obj
 0001:00003610       ?v5double@@YAXNAAVCVect3@@0@Z 00404610 f   PSINS.obj
 0001:00003700       ?sort@@YA?AVCVect3@@ABV1@@Z 00404700 f   PSINS.obj
 0001:000037d0       ?median@@YANABN00@Z        004047d0 f   PSINS.obj
 0001:00003830       ?median@@YANABVCVect3@@@Z  00404830 f   PSINS.obj
 0001:00003910       ?dm2r@@YA?AVCVect3@@ABV1@H@Z 00404910 f   PSINS.obj
 0001:000039e0       ?v3mmm@@YA?AVCVect3@@ABV1@00PAV1@H0@Z 004049e0 f   PSINS.obj
 0001:00003c60       ?fopp@@YA?AVCVect3@@ABV1@00@Z 00404c60 f   PSINS.obj
 0001:00003d60       ?fopp@@YA?AVCVect3@@ABV1@000@Z 00404d60 f   PSINS.obj
 0001:00003eb0       ?tp2att@@YA?AVCVect3@@ABV1@00@Z 00404eb0 f   PSINS.obj
 0001:00004040       ?attract@@YA?AVCVect3@@ABV1@00@Z 00405040 f   PSINS.obj
 0001:000041a0       ?ff2muxy@@YA?AVCVect3@@ABV1@0PBD1@Z 004051a0 f   PSINS.obj
 0001:000042b0       ?ff2mu@@YA?AVCVect3@@ABV1@0N@Z 004052b0 f   PSINS.obj
 0001:000043b0       ??0CQuat@@QAE@XZ           004053b0 f   PSINS.obj
 0001:000043e0       ??0CQuat@@QAE@NABVCVect3@@@Z 004053e0 f   PSINS.obj
 0001:00004450       ??0CQuat@@QAE@NNNN@Z       00405450 f   PSINS.obj
 0001:000044c0       ??0CQuat@@QAE@PBN@Z        004054c0 f   PSINS.obj
 0001:00004550       ??HCQuat@@QBE?AV0@ABVCVect3@@@Z 00405550 f   PSINS.obj
 0001:000045e0       ??GCQuat@@QBE?AV0@ABVCVect3@@@Z 004055e0 f   PSINS.obj
 0001:00004660       ??GCQuat@@QBE?AVCVect3@@ABV0@@Z 00405660 f   PSINS.obj
 0001:000047a0       ??DCQuat@@QBE?AV0@ABV0@@Z  004057a0 f   PSINS.obj
 0001:000048d0       ??XCQuat@@QAEAAV0@ABV0@@Z  004058d0 f   PSINS.obj
 0001:00004920       ??ZCQuat@@QAEAAV0@ABVCVect3@@@Z 00405920 f   PSINS.obj
 0001:000049a0       ??S@YA?AVCQuat@@ABV0@@Z    004059a0 f   PSINS.obj
 0001:00004a20       ??DCQuat@@QBE?AVCVect3@@ABV1@@Z 00405a20 f   PSINS.obj
 0001:00004bb0       ?SetYaw@CQuat@@QAEXN@Z     00405bb0 f   PSINS.obj
 0001:00004c30       ?normlize@@YANPAVCQuat@@@Z 00405c30 f   PSINS.obj
 0001:00004ce0       ?q2rv@@YA?AVCVect3@@ABVCQuat@@@Z 00405ce0 f   PSINS.obj
 0001:00004e10       ?qq2phi@@YA?AVCVect3@@ABVCQuat@@0@Z 00405e10 f   PSINS.obj
 0001:00004e80       ?addmu@@YA?AVCQuat@@ABV1@ABVCVect3@@@Z 00405e80 f   PSINS.obj
 0001:00004ee0       ?UpDown@@YA?AVCQuat@@ABV1@@Z 00405ee0 f   PSINS.obj
 0001:00004f70       ??0CMat3@@QAE@XZ           00405f70 f   PSINS.obj
 0001:00004fa0       ??0CMat3@@QAE@N@Z          00405fa0 f   PSINS.obj
 0001:00005050       ??0CMat3@@QAE@PBN@Z        00406050 f   PSINS.obj
 0001:00005160       ??0CMat3@@QAE@PBM@Z        00406160 f   PSINS.obj
 0001:00005240       ??0CMat3@@QAE@NNN@Z        00406240 f   PSINS.obj
 0001:00005300       ??0CMat3@@QAE@NNNNNNNNN@Z  00406300 f   PSINS.obj
 0001:000053b0       ??0CMat3@@QAE@ABVCVect3@@00H@Z 004063b0 f   PSINS.obj
 0001:00005530       ?sv2att@@YA?AVCVect3@@ABV1@N0@Z 00406530 f   PSINS.obj
 0001:00005680       ?dv2att@@YA?AVCVect3@@ABV1@000@Z 00406680 f   PSINS.obj
 0001:00005910       ?mv2att@@YA?AVCVect3@@HPBV1@0ZZ 00406910 f   PSINS.obj
 0001:00005a10       ?vn2att@@YA?AVCVect3@@ABV1@@Z 00406a10 f   PSINS.obj
 0001:00005ad0       ?atss@@YA?AVCVect3@@AAV1@0@Z 00406ad0 f   PSINS.obj
 0001:00005ba0       ??G@YA?AVCMat3@@ABV0@@Z    00406ba0 f   PSINS.obj
 0001:00005c70       ??S@YA?AVCMat3@@ABV0@@Z    00406c70 f   PSINS.obj
 0001:00005d20       ??DCMat3@@QBE?AV0@ABV0@@Z  00406d20 f   PSINS.obj
 0001:00005ef0       ??HCMat3@@QBE?AV0@ABV0@@Z  00406ef0 f   PSINS.obj
 0001:00005fd0       ??YCMat3@@QAEAAV0@ABV0@@Z  00406fd0 f   PSINS.obj
 0001:000060a0       ??HCMat3@@QBE?AV0@ABVCVect3@@@Z 004070a0 f   PSINS.obj
 0001:00006110       ??YCMat3@@QAEAAV0@ABVCVect3@@@Z 00407110 f   PSINS.obj
 0001:00006170       ??GCMat3@@QBE?AV0@ABV0@@Z  00407170 f   PSINS.obj
 0001:00006250       ??DCMat3@@QBE?AV0@N@Z      00407250 f   PSINS.obj
 0001:00006330       ??RCMat3@@QAEAANHH@Z       00407330 f   PSINS.obj
 0001:00006370       ?SetRow@CMat3@@QAEXHABVCVect3@@@Z 00407370 f   PSINS.obj
 0001:000063e0       ?SetClm@CMat3@@QAEXHABVCVect3@@@Z 004073e0 f   PSINS.obj
 0001:00006450       ?GetRow@CMat3@@QBE?AVCVect3@@H@Z 00407450 f   PSINS.obj
 0001:000064d0       ?GetClm@CMat3@@QBE?AVCVect3@@H@Z 004074d0 f   PSINS.obj
 0001:00006550       ?Rot@@YA?AVCMat3@@ND@Z     00407550 f   PSINS.obj
 0001:000066d0       ?rotz@@YA?AVCVect3@@ABV1@N@Z 004076d0 f   PSINS.obj
 0001:00006780       ?rcijk@@YA?AVCMat3@@ABV1@H@Z 00407780 f   PSINS.obj
 0001:00006b60       ?symmetry@@YAXAAVCMat3@@@Z 00407b60 f   PSINS.obj
 0001:00006c00       ??D@YA?AVCMat3@@NABV0@@Z   00407c00 f   PSINS.obj
 0001:00006cd0       ??DCMat3@@QBE?AVCVect3@@ABV1@@Z 00407cd0 f   PSINS.obj
 0001:00006da0       ?dotmul@@YA?AVCMat3@@ABV1@0@Z 00407da0 f   PSINS.obj
 0001:00006e70       ?det@@YANABVCMat3@@@Z      00407e70 f   PSINS.obj
 0001:00006f00       ?trace@@YANABVCMat3@@@Z    00407f00 f   PSINS.obj
 0001:00006f30       ?pow@@YA?AVCMat3@@ABV1@H@Z 00407f30 f   PSINS.obj
 0001:00006fc0       ?a2qua@@YA?AVCQuat@@NNN@Z  00407fc0 f   PSINS.obj
 0001:00007100       ?a2qua@@YA?AVCQuat@@ABVCVect3@@@Z 00408100 f   PSINS.obj
 0001:00007170       ?a2mat@@YA?AVCMat3@@ABVCVect3@@@Z 00408170 f   PSINS.obj
 0001:000072c0       ?ar2mat@@YA?AVCMat3@@ABVCVect3@@@Z 004082c0 f   PSINS.obj
 0001:00007410       ?ar2qua@@YA?AVCQuat@@ABVCVect3@@@Z 00408410 f   PSINS.obj
 0001:00007470       ?m2att@@YA?AVCVect3@@ABVCMat3@@@Z 00408470 f   PSINS.obj
 0001:000075b0       ?m2attr@@YA?AVCVect3@@ABVCMat3@@@Z 004085b0 f   PSINS.obj
 0001:00007670       ?q2attr@@YA?AVCVect3@@ABVCQuat@@@Z 00408670 f   PSINS.obj
 0001:000076d0       ?m2rv@@YA?AVCVect3@@ABVCMat3@@@Z 004086d0 f   PSINS.obj
 0001:000077e0       ?m2qua@@YA?AVCQuat@@ABVCMat3@@@Z 004087e0 f   PSINS.obj
 0001:00007ab0       ?q2att@@YA?AVCVect3@@ABVCQuat@@@Z 00408ab0 f   PSINS.obj
 0001:00007c20       ?q2mat@@YA?AVCMat3@@ABVCQuat@@@Z 00408c20 f   PSINS.obj
 0001:00007d80       ?Ka2Cba@@YA?AVCMat3@@ABV1@AAVCVect3@@@Z 00408d80 f   PSINS.obj
 0001:00007e80       ?Cba2Ka@@YA?AVCMat3@@ABV1@ABVCVect3@@@Z 00408e80 f   PSINS.obj
 0001:00007f20       ?Ka22Kpn@@YAXABVCVect3@@0AAV1@1@Z 00408f20 f   PSINS.obj
 0001:00007fe0       ?Kpn2Ka2@@YAXABVCVect3@@0AAV1@1@Z 00408fe0 f   PSINS.obj
 0001:00008090       ?KgMdf@@YAXAAVCMat3@@PBNH@Z 00409090 f   PSINS.obj
 0001:00008410       ?KaMdf@@YAXAAVCMat3@@PBNH@Z 00409410 f   PSINS.obj
 0001:00008690       ?adj@@YA?AVCMat3@@ABV1@@Z  00409690 f   PSINS.obj
 0001:000087f0       ?inv@@YA?AVCMat3@@ABV1@@Z  004097f0 f   PSINS.obj
 0001:00008890       ?diag@@YA?AVCVect3@@ABVCMat3@@@Z 00409890 f   PSINS.obj
 0001:000088f0       ?diag@@YA?AVCMat3@@ABVCVect3@@@Z 004098f0 f   PSINS.obj
 0001:00008980       ?diag@@YA?AVCMat3@@NNN@Z   00409980 f   PSINS.obj
 0001:00008a00       ?askew@@YA?AVCMat3@@ABV1@H@Z 00409a00 f   PSINS.obj
 0001:00008b30       ?MMT@@YA?AVCMat3@@ABV1@0@Z 00409b30 f   PSINS.obj
 0001:00008cc0       ?trMMT@@YANABVCMat3@@0@Z   00409cc0 f   PSINS.obj
 0001:00008d80       ?norm@@YANABVCMat3@@@Z     00409d80 f   PSINS.obj
 0001:00008dd0       ?sfoam@@YA?AVCMat3@@ABV1@H@Z 00409dd0 f   PSINS.obj
 0001:000094e0       ??0CMat@@QAE@XZ            0040a4e0 f   PSINS.obj
 0001:00009510       ??0CMat@@QAE@HH@Z          0040a510 f   PSINS.obj
 0001:00009560       ??0CMat@@QAE@HHN@Z         0040a560 f   PSINS.obj
 0001:000095f0       ??0CMat@@QAA@HHNNZZ        0040a5f0 f   PSINS.obj
 0001:000096a0       ??0CMat@@QAE@HHPBN@Z       0040a6a0 f   PSINS.obj
 0001:00009720       ??0CMat@@QAA@HPBVCVect@@ZZ 0040a720 f   PSINS.obj
 0001:000097c0       ?Reset@CMat@@QAEXHH@Z      0040a7c0 f   PSINS.obj
 0001:00009810       ?Clear@CMat@@QAEXXZ        0040a810 f   PSINS.obj
 0001:00009880       ??DCMat@@QBE?AV0@ABV0@@Z   0040a880 f   PSINS.obj
 0001:00009a70       ??DCMat@@QBE?AV0@ABVCMat3@@@Z 0040aa70 f   PSINS.obj
 0001:00009b00       ??DCMat@@QBE?AVCVect@@ABV1@@Z 0040ab00 f   PSINS.obj
 0001:00009c50       ??HCMat@@QBE?AV0@ABV0@@Z   0040ac50 f   PSINS.obj
 0001:00009d50       ??YCMat@@QAEAAV0@ABVCVect@@@Z 0040ad50 f   PSINS.obj
 0001:00009de0       ??GCMat@@QBE?AV0@ABV0@@Z   0040ade0 f   PSINS.obj
 0001:00009ee0       ??DCMat@@QBE?AV0@N@Z       0040aee0 f   PSINS.obj
 0001:00009fc0       ??4CMat@@QAEAAV0@N@Z       0040afc0 f   PSINS.obj
 0001:0000a030       ??YCMat@@QAEAAV0@ABV0@@Z   0040b030 f   PSINS.obj
 0001:0000a0b0       ??ZCMat@@QAEAAV0@ABV0@@Z   0040b0b0 f   PSINS.obj
 0001:0000a130       ??XCMat@@QAEAAV0@N@Z       0040b130 f   PSINS.obj
 0001:0000a1a0       ??ECMat@@QAEAAV0@XZ        0040b1a0 f   PSINS.obj
 0001:0000a220       ??S@YA?AVCMat@@ABV0@@Z     0040b220 f   PSINS.obj
 0001:0000a320       ?symmetry@@YAXAAVCMat@@@Z  0040b320 f   PSINS.obj
 0001:0000a410       ?trace@@YANABVCMat@@@Z     0040b410 f   PSINS.obj
 0001:0000a490       ?dotmul@@YA?AVCMat@@ABV1@0@Z 0040b490 f   PSINS.obj
 0001:0000a580       ??RCMat@@QAEAANHH@Z        0040b580 f   PSINS.obj
 0001:0000a5d0       ?SetRow@CMat@@QAAXHNZZ     0040b5d0 f   PSINS.obj
 0001:0000a660       ?SetRow@CMat@@QAEXHABVCVect@@@Z 0040b660 f   PSINS.obj
 0001:0000a6e0       ?SetClm@CMat@@QAAXHNZZ     0040b6e0 f   PSINS.obj
 0001:0000a770       ?SetClm@CMat@@QAEXHABVCVect@@@Z 0040b770 f   PSINS.obj
 0001:0000a7f0       ?SetClmVect3@CMat@@QAEXHHABVCVect3@@@Z 0040b7f0 f   PSINS.obj
 0001:0000a880       ?SetClmVect3@CMat@@QAEXHHABVCVect3@@0@Z 0040b880 f   PSINS.obj
 0001:0000a950       ?SetClmVect3@CMat@@QAEXHHABVCVect3@@00@Z 0040b950 f   PSINS.obj
 0001:0000aa50       ?SetRowVect3@CMat@@QAEXHHABVCVect3@@@Z 0040ba50 f   PSINS.obj
 0001:0000aaa0       ?SetRowVect3@CMat@@QAEXHHABVCVect3@@0@Z 0040baa0 f   PSINS.obj
 0001:0000ab00       ?SetRowVect3@CMat@@QAEXHHABVCVect3@@00@Z 0040bb00 f   PSINS.obj
 0001:0000ab80       ?GetRowVect3@CMat@@QBE?AVCVect3@@HH@Z 0040bb80 f   PSINS.obj
 0001:0000abd0       ?GetClmVect3@CMat@@QBE?AVCVect3@@HH@Z 0040bbd0 f   PSINS.obj
 0001:0000ac80       ?SetDiagVect3@CMat@@QAEXHHABVCVect3@@@Z 0040bc80 f   PSINS.obj
 0001:0000ad10       ?GetDiagVect3@CMat@@QBE?AVCVect3@@HH@Z 0040bd10 f   PSINS.obj
 0001:0000add0       ?SetAskew@CMat@@QAEXHHABVCVect3@@@Z 0040bdd0 f   PSINS.obj
 0001:0000aec0       ?SetMat3@CMat@@QAEXHHABVCMat3@@@Z 0040bec0 f   PSINS.obj
 0001:0000af50       ?SetMat3@CMat@@QAEXHHABVCMat3@@0@Z 0040bf50 f   PSINS.obj
 0001:0000b010       ?SetMat3@CMat@@QAEXHHABVCMat3@@00@Z 0040c010 f   PSINS.obj
 0001:0000b110       ?GetMat3@CMat@@QBE?AVCMat3@@HH@Z 0040c110 f   PSINS.obj
 0001:0000b1d0       ?SubAddMat3@CMat@@QAEXHHABVCMat3@@@Z 0040c1d0 f   PSINS.obj
 0001:0000b260       ?GetRow@CMat@@QBE?AVCVect@@H@Z 0040c260 f   PSINS.obj
 0001:0000b340       ?GetRow@CMat@@QAEXAAVCVect@@H@Z 0040c340 f   PSINS.obj
 0001:0000b3f0       ?GetClm@CMat@@QBE?AVCVect@@H@Z 0040c3f0 f   PSINS.obj
 0001:0000b4d0       ?GetClm@CMat@@QBA?AV1@HHZZ 0040c4d0 f   PSINS.obj
 0001:0000b650       ?GetClm@CMat@@QAEXAAVCVect@@H@Z 0040c650 f   PSINS.obj
 0001:0000b6f0       ?ZeroRow@CMat@@QAEXH@Z     0040c6f0 f   PSINS.obj
 0001:0000b760       ?ZeroClm@CMat@@QAEXH@Z     0040c760 f   PSINS.obj
 0001:0000b7d0       ?SetDiag@CMat@@QAAXNZZ     0040c7d0 f   PSINS.obj
 0001:0000b8b0       ?SetDiag2@CMat@@QAAXNZZ    0040c8b0 f   PSINS.obj
 0001:0000b990       ?SetAscend@CMat@@QAEXNN@Z  0040c990 f   PSINS.obj
 0001:0000ba00       ?norm1@@YANABVCMat@@@Z     0040ca00 f   PSINS.obj
 0001:0000ba40       ?normInf@@YANABVCMat@@@Z   0040ca40 f   PSINS.obj
 0001:0000ba80       ?diag@@YA?AVCVect@@ABVCMat@@@Z 0040ca80 f   PSINS.obj
 0001:0000bb60       ?eye@@YA?AVCMat@@H@Z       0040cb60 f   PSINS.obj
 0001:0000bc20       ?inv4@@YA?AVCMat@@ABV1@@Z  0040cc20 f   PSINS.obj
 0001:0000bf00       ?inv6@@YA?AVCMat@@ABV1@@Z  0040cf00 f   PSINS.obj
 0001:0000c1b0       ?lss@@YA?AVCVect@@ABVCMat@@ABV1@@Z 0040d1b0 f   PSINS.obj
 0001:0000c2f0       ?RowMul@@YAXAAVCMat@@ABV1@1HH@Z 0040d2f0 f   PSINS.obj
 0001:0000c410       ?RowMulT@@YAXAAVCMat@@ABV1@1HH@Z 0040d410 f   PSINS.obj
 0001:0000c530       ?diag@@YA?AVCMat@@ABVCVect@@@Z 0040d530 f   PSINS.obj
 0001:0000c640       ?DVMDVafa@@YAXABVCVect@@AAVCMat@@N@Z 0040d640 f   PSINS.obj
 0001:0000c730       ??0CVect@@QAE@XZ           0040d730 f   PSINS.obj
 0001:0000c760       ??0CVect@@QAE@HH@Z         0040d760 f   PSINS.obj
 0001:0000c7d0       ??0CVect@@QAE@HN@Z         0040d7d0 f   PSINS.obj
 0001:0000c850       ??0CVect@@QAE@HPBN@Z       0040d850 f   PSINS.obj
 0001:0000c8d0       ??0CVect@@QAA@HNNZZ        0040d8d0 f   PSINS.obj
 0001:0000c9b0       ??0CVect@@QAE@ABVCVect3@@@Z 0040d9b0 f   PSINS.obj
 0001:0000ca40       ??0CVect@@QAE@ABVCVect3@@V1@@Z 0040da40 f   PSINS.obj
 0001:0000caf0       ?Clear@CVect@@QAEXXZ       0040daf0 f   PSINS.obj
 0001:0000cb50       ?Reset@CVect@@QAEXHH@Z     0040db50 f   PSINS.obj
 0001:0000cbc0       ??G@YA?AVCVect@@ABV0@@Z    0040dbc0 f   PSINS.obj
 0001:0000cc60       ??S@YA?AVCVect@@ABV0@@Z    0040dc60 f   PSINS.obj
 0001:0000ccc0       ??DCVect@@QBE?AV0@ABVCMat@@@Z 0040dcc0 f   PSINS.obj
 0001:0000ce20       ??DCVect@@QBE?AVCMat@@ABV0@@Z 0040de20 f   PSINS.obj
 0001:0000cfe0       ??HCVect@@QBE?AV0@ABV0@@Z  0040dfe0 f   PSINS.obj
 0001:0000d0c0       ??GCVect@@QBE?AV0@ABV0@@Z  0040e0c0 f   PSINS.obj
 0001:0000d1a0       ??DCVect@@QBE?AV0@N@Z      0040e1a0 f   PSINS.obj
 0001:0000d280       ??4CVect@@QAEAAV0@N@Z      0040e280 f   PSINS.obj
 0001:0000d2f0       ??4CVect@@QAEAAV0@PBN@Z    0040e2f0 f   PSINS.obj
 0001:0000d360       ??4CVect@@QAEAAV0@ABVCMat3@@@Z 0040e360 f   PSINS.obj
 0001:0000d3d0       ??YCVect@@QAEAAV0@ABV0@@Z  0040e3d0 f   PSINS.obj
 0001:0000d450       ??ZCVect@@QAEAAV0@ABV0@@Z  0040e450 f   PSINS.obj
 0001:0000d4d0       ??XCVect@@QAEAAV0@N@Z      0040e4d0 f   PSINS.obj
 0001:0000d540       ?dot@@YANABVCVect@@0@Z     0040e540 f   PSINS.obj
 0001:0000d5c0       ?dotmul@@YA?AVCVect@@ABV1@0@Z 0040e5c0 f   PSINS.obj
 0001:0000d6b0       ?pow@@YA?AVCVect@@ABV1@H@Z 0040e6b0 f   PSINS.obj
 0001:0000d7a0       ?abs@@YA?AVCVect@@ABV1@@Z  0040e7a0 f   PSINS.obj
 0001:0000d8b0       ?norm@@YANABVCVect@@@Z     0040e8b0 f   PSINS.obj
 0001:0000d8f0       ?norm1@@YANABVCVect@@@Z    0040e8f0 f   PSINS.obj
 0001:0000d930       ?normInf@@YANABVCVect@@@Z  0040e930 f   PSINS.obj
 0001:0000d970       ??RCVect@@QAEAANH@Z        0040e970 f   PSINS.obj
 0001:0000d9a0       ?Set@CVect@@QAAXNZZ        0040e9a0 f   PSINS.obj
 0001:0000da30       ?Set2@CVect@@QAAXNZZ       0040ea30 f   PSINS.obj
 0001:0000dac0       ?SetVect3@CVect@@QAEXHABVCVect3@@@Z 0040eac0 f   PSINS.obj
 0001:0000db00       ?Set2Vect3@CVect@@QAEXHABVCVect3@@@Z 0040eb00 f   PSINS.obj
 0001:0000db80       ?SetAscend@CVect@@QAEXNN@Z 0040eb80 f   PSINS.obj
 0001:0000dbf0       ?SetBit@CVect@@QAEXIN@Z    0040ebf0 f   PSINS.obj
 0001:0000dc60       ?SetBit@CVect@@QAEXIABVCVect3@@@Z 0040ec60 f   PSINS.obj
 0001:0000dcf0       ?Seti2j@CVect@@QAEXHHN@Z   0040ecf0 f   PSINS.obj
 0001:0000dd70       ?GetVect3@CVect@@QBE?AVCVect3@@H@Z 0040ed70 f   PSINS.obj
 0001:0000ddb0       ?mean@@YANABVCVect@@@Z     0040edb0 f   PSINS.obj
 0001:0000de20       ?sort@@YA?AVCVect@@ABV1@@Z 0040ee20 f   PSINS.obj
 0001:0000df40       ??0CPolyfit@@QAE@XZ        0040ef40 f   PSINS.obj
 0001:0000df70       ?Init@CPolyfit@@UAEXNHN@Z  0040ef70 f   PSINS.obj
 0001:0000e0b0       ?SetP@CPolyfit@@QAAXNZZ    0040f0b0 f   PSINS.obj
 0001:0000e130       ?SetUD@CPolyfit@@QAAXNZZ   0040f130 f   PSINS.obj
 0001:0000e220       ?SetHk@CPolyfit@@QAAXNZZ   0040f220 f   PSINS.obj
 0001:0000e2a0       ?UpdateP@CPolyfit@@QAEXN@Z 0040f2a0 f   PSINS.obj
 0001:0000e520       ?Update@CPolyfit@@QAEXNN@Z 0040f520 f   PSINS.obj
 0001:0000e640       ?eval@CPolyfit@@QAENN@Z    0040f640 f   PSINS.obj
 0001:0000e710       ??0CPolyfit3@@QAE@XZ       0040f710 f   PSINS.obj
 0001:0000e770       ??_H@YGXPAXIHP6EX0@Z@Z     0040f770 f i PSINS.obj
 0001:0000e7d0       ?Init@CPolyfit3@@UAEXNHN@Z 0040f7d0 f   PSINS.obj
 0001:0000e860       ?Update@CPolyfit3@@QAEXABVCVect3@@N@Z 0040f860 f   PSINS.obj
 0001:0000e9c0       ?eval@CPolyfit3@@QAE?AVCVect3@@N@Z 0040f9c0 f   PSINS.obj
 0001:0000eae0       ??0CIIR@@QAE@XZ            0040fae0 f   PSINS.obj
 0001:0000eb10       ??0CIIR@@QAE@PAN0H@Z       0040fb10 f   PSINS.obj
 0001:0000ebd0       ?Update@CIIR@@QAENN@Z      0040fbd0 f   PSINS.obj
 0001:0000ece0       ??0CIIRV3@@QAE@XZ          0040fce0 f   PSINS.obj
 0001:0000ed50       ??0CIIRV3@@QAE@PAN0H00H00H@Z 0040fd50 f   PSINS.obj
 0001:0000ee70       ?Update@CIIRV3@@QAE?AVCVect3@@ABV2@@Z 0040fe70 f   PSINS.obj
 0001:0000ef30       ??0CRAvar@@QAE@XZ          0040ff30 f   PSINS.obj
 0001:0000ef60       ??0CRAvar@@QAE@HH@Z        0040ff60 f   PSINS.obj
 0001:0000efe0       ?set@CRAvar@@QAEXNNNNH@Z   0040ffe0 f   PSINS.obj
 0001:0000f100       ?set@CRAvar@@QAEXABVCVect3@@000@Z 00410100 f   PSINS.obj
 0001:0000f1c0       ?set@CRAvar@@QAEXABVCVect@@000@Z 004101c0 f   PSINS.obj
 0001:0000f290       ?Update@CRAvar@@QAEXNNH@Z  00410290 f   PSINS.obj
 0001:0000f490       ?Update@CRAvar@@QAEXABVCVect3@@N@Z 00410490 f   PSINS.obj
 0001:0000f510       ?Update@CRAvar@@QAEXABVCVect@@N@Z 00410510 f   PSINS.obj
 0001:0000f590       ??RCRAvar@@QBENH@Z         00410590 f   PSINS.obj
 0001:0000f610       ??0CVAR@@QAE@HN@Z          00410610 f   PSINS.obj
 0001:0000f6d0       ?Update@CVAR@@QAENNH@Z     004106d0 f   PSINS.obj
 0001:0000f850       ??0CVARn@@QAE@XZ           00410850 f   PSINS.obj
 0001:0000f890       ??0CVARn@@QAE@HH@Z         00410890 f   PSINS.obj
 0001:0000fa10       ??1CVARn@@QAE@XZ           00410a10 f   PSINS.obj
 0001:0000fa70       ?Reset@CVARn@@QAEXXZ       00410a70 f   PSINS.obj
 0001:0000fb00       ?Update@CVARn@@QAEHPBN@Z   00410b00 f   PSINS.obj
 0001:0000fd40       ?Update@CVARn@@QAAHNZZ     00410d40 f   PSINS.obj
 0001:0000fdd0       ??0CContLarge@@QAE@XZ      00410dd0 f   PSINS.obj
 0001:0000fe00       ??0CContLarge@@QAE@NNH@Z   00410e00 f   PSINS.obj
 0001:0000fe70       ?Update@CContLarge@@QAEHNN@Z 00410e70 f   PSINS.obj
 0001:0000ff30       ??0CAbnomalCnt@@QAE@XZ     00410f30 f   PSINS.obj
 0001:0000ff60       ??0CAbnomalCnt@@QAE@HNNN@Z 00410f60 f   PSINS.obj
 0001:00010010       ?Update@CAbnomalCnt@@QAEHNN@Z 00411010 f   PSINS.obj
 0001:000100d0       ??0CWzhold@@QAE@XZ         004110d0 f   PSINS.obj
 0001:00010100       ?Init@CWzhold@@QAEXNNNH@Z  00411100 f   PSINS.obj
 0001:000101c0       ?Reset@CWzhold@@QAEXXZ     004111c0 f   PSINS.obj
 0001:00010230       ?Update@CWzhold@@QAEHN@Z   00411230 f   PSINS.obj
 0001:00010570       ??0CMaxMin@@QAE@HHM@Z      00411570 f   PSINS.obj
 0001:000105c0       ?Init@CMaxMin@@QAEXHHM@Z   004115c0 f   PSINS.obj
 0001:000106f0       ?Restart@CMaxMin@@QAEXXZ   004116f0 f   PSINS.obj
 0001:00010740       ?Update@CMaxMin@@QAEHM@Z   00411740 f   PSINS.obj
 0001:00010920       ??0CMaxMinn@@QAE@HHHM@Z    00411920 f   PSINS.obj
 0001:00010980       ??_FCMaxMin@@QAEXXZ        00411980 f i PSINS.obj
 0001:000109c0       ?Init@CMaxMinn@@QAEXHHHM@Z 004119c0 f   PSINS.obj
 0001:00010a60       ?Restart@CMaxMinn@@QAEXXZ  00411a60 f   PSINS.obj
 0001:00010ad0       ?Update@CMaxMinn@@QAAHMZZ  00411ad0 f   PSINS.obj
 0001:00010b70       ?Update@CMaxMinn@@QAEHABVCVect3@@@Z 00411b70 f   PSINS.obj
 0001:00010c00       ?Update@CMaxMinn@@QAEHABVCVect3@@0@Z 00411c00 f   PSINS.obj
 0001:00010ce0       ?Update@CMaxMinn@@QAEHABVCVect3@@00@Z 00411ce0 f   PSINS.obj
 0001:00010e10       ?Update@CMaxMinn@@QAEHABVCVect3@@000@Z 00411e10 f   PSINS.obj
 0001:00010f90       ?Update@CMaxMinn@@QAEHABVCVect3@@0000@Z 00411f90 f   PSINS.obj
 0001:00011170       ?ResFloat@CMaxMinn@@QAEMHH@Z 00412170 f   PSINS.obj
 0001:000111f0       ?ResVect3@CMaxMinn@@QAE?AVCVect3@@HH@Z 004121f0 f   PSINS.obj
 0001:000113c0       ??0CKalman@@QAE@XZ         004123c0 f   PSINS.obj
 0001:00011620       ??0CKalman@@QAE@HH@Z       00412620 f   PSINS.obj
 0001:000118a0       ?Init@CKalman@@QAEXHH@Z    004128a0 f   PSINS.obj
 0001:00011e90       ?SetRmmbt@CKalman@@QAEXNNNN@Z 00412e90 f   PSINS.obj
 0001:00011f90       ?SetRmaxcount@CKalman@@QAEXH@Z 00412f90 f   PSINS.obj
 0001:00012000       ?SetInnoMaxcount@CKalman@@QAEXH@Z 00413000 f   PSINS.obj
 0001:00012070       ?SetZmm@CKalman@@QAEXHHNH@Z 00413070 f   PSINS.obj
 0001:000120f0       ?SetZmmVn@CKalman@@QAEXABVCVect3@@H@Z 004130f0 f   PSINS.obj
 0001:00012170       ?SetZmmPos@CKalman@@QAEXABVCVect3@@H@Z 00413170 f   PSINS.obj
 0001:000121f0       ?TimeUpdate@CKalman@@QAEXNH@Z 004131f0 f   PSINS.obj
 0001:00012410       ?SetMeasFlag@CKalman@@QAEXIH@Z 00413410 f   PSINS.obj
 0001:00012480       ?SetMeasMask@CKalman@@QAEXIH@Z 00413480 f   PSINS.obj
 0001:00012540       ?SetMeasStop@CKalman@@QAEXIN@Z 00413540 f   PSINS.obj
 0001:000125e0       ?SetRadptStop@CKalman@@QAEXIN@Z 004135e0 f   PSINS.obj
 0001:00012630       ?MeasUpdate@CKalman@@QAEHN@Z 00413630 f   PSINS.obj
 0001:000129d0       ?MeasUD@@YAXQAN0QBNN0H@Z   004139d0 f   PSINS.obj
 0001:00012d00       ?RAdaptive@CKalman@@QAEHHNN@Z 00413d00 f   PSINS.obj
 0001:00012f20       ?RPkFading@CKalman@@QAEXH@Z 00413f20 f   PSINS.obj
 0001:00013010       ?ZmmPkSet@CKalman@@QAEXH@Z 00414010 f   PSINS.obj
 0001:000130e0       ?XPConstrain@CKalman@@QAEXXZ 004140e0 f   PSINS.obj
 0001:00013420       ?PmaxPminCheck@CKalman@@QAEXXZ 00414420 f   PSINS.obj
 0001:00013520       ?Feedback@CKalman@@UAEXHN@Z 00414520 f   PSINS.obj
 0001:00013770       ?FeedbackAll@CKalman@@QAEXXZ 00414770 f   PSINS.obj
 0001:000138a0       ?RtFading@CKalman@@QAEXHN@Z 004148a0 f   PSINS.obj
 0001:000139f0       ?fusion@@YAXPAN0PBN1H00@Z  004149f0 f   PSINS.obj
 0001:00013ba0       ?fusion@@YAXAAVCVect3@@0V1@1@Z 00414ba0 f   PSINS.obj
 0001:00013bf0       ?fusion@@YAXAAVCVect3@@0V1@100@Z 00414bf0 f   PSINS.obj
 0001:00013c40       ??0CSINSTDKF@@QAE@XZ       00414c40 f   PSINS.obj
 0001:00013d20       ??0CSINSTDKF@@QAE@HH@Z     00414d20 f   PSINS.obj
 0001:00013e40       ?Init@CSINSTDKF@@QAEXABVCSINS@@@Z 00414e40 f   PSINS.obj
 0001:00014060       ?TDReset@CSINSTDKF@@QAEXXZ 00415060 f   PSINS.obj
 0001:000140d0       ?Innovationi@CSINSTDKF@@QAENH@Z 004150d0 f   PSINS.obj
 0001:00014180       ?TDUpdate@CSINSTDKF@@QAEHPBVCVect3@@0HNH@Z 00415180 f   PSINS.obj
 0001:00014fc0       ?MeasUpdate@CSINSTDKF@@QAEXABVCVect@@NN@Z 00415fc0 f   PSINS.obj
 0001:00015180       ?MarkovGyro@CSINSTDKF@@QAEXABVCVect3@@0H@Z 00416180 f   PSINS.obj
 0001:00015200       ?MarkovAcc@CSINSTDKF@@QAEXABVCVect3@@0H@Z 00416200 f   PSINS.obj
 0001:00015280       ?SetYaw@CSINSTDKF@@QAEXNHH@Z 00416280 f   PSINS.obj
 0001:00015480       ?PSetVertCh@CSINSTDKF@@QAEXNNN@Z 00416480 f   PSINS.obj
 0001:00015560       ?SetCalcuBurden@CSINSTDKF@@QAENIH@Z 00416560 f   PSINS.obj
 0001:000156e0       ??0CSINSGNSS@@QAE@XZ       004166e0 f   PSINS.obj
 0001:00015740       ??0CSINSGNSS@@QAE@HHNH@Z   00416740 f   PSINS.obj
 0001:00015980       ?Init@CSINSGNSS@@QAEXABVCSINS@@H@Z 00416980 f   PSINS.obj
 0001:00016d20       ?SetFt@CSINSGNSS@@UAEXH@Z  00417d20 f   PSINS.obj
 0001:00017170       ?SetHk@CSINSGNSS@@UAEXH@Z  00418170 f   PSINS.obj
 0001:000172d0       ?Feedback@CSINSGNSS@@UAEXHN@Z 004182d0 f   PSINS.obj
 0001:000176b0       ?SetMeasGNSS@CSINSGNSS@@QAEXABVCVect3@@0N@Z 004186b0 f   PSINS.obj
 0001:00017880       ?MeasGNSSZvStop@CSINSGNSS@@QAEXAAVCVect3@@N@Z 00418880 f   PSINS.obj
 0001:00017940       ?MeasGNSSZpStop@CSINSGNSS@@QAEXAAVCVect3@@N@Z 00418940 f   PSINS.obj
 0001:00017a00       ?MeasGNSSZp2X@CSINSGNSS@@QAEXAAVCVect3@@@Z 00418a00 f   PSINS.obj
 0001:00017ac0       ?Leveling@CSINSGNSS@@QAEXXZ 00418ac0 f   PSINS.obj
 0001:00017b80       ?Update@CSINSGNSS@@QAEHPBVCVect3@@0HNH@Z 00418b80 f   PSINS.obj
 0001:00017c10       ??6CSINSGNSS@@QAEXAAVCFileRdWt@@@Z 00418c10 f   PSINS.obj
 0001:00017d10       ?LogXk@CSINSGNSS@@QAEXXZ   00418d10 f   PSINS.obj
 0001:00018180       ??0CSysClbt@@QAE@ABVCVect3@@NH@Z 00419180 f   PSINS.obj
 0001:00018290       ?SetHk@CSysClbt@@UAEXH@Z   00419290 f i PSINS.obj
 0001:000182c0       ?SetMeas@CSysClbt@@UAEXXZ  004192c0 f i PSINS.obj
 0001:000182f0       ?Init@CSysClbt@@QAEXN@Z    004192f0 f   PSINS.obj
 0001:00018b80       ?NextIter@CSysClbt@@QAEXXZ 00419b80 f   PSINS.obj
 0001:000190e0       ?SetFt@CSysClbt@@UAEXH@Z   0041a0e0 f   PSINS.obj
 0001:00019720       ?Feedback@CSysClbt@@UAEXHN@Z 0041a720 f   PSINS.obj
 0001:00019970       ?Update@CSysClbt@@QAEHPBVCVect3@@0HNH@Z 0041a970 f   PSINS.obj
 0001:00019a80       ?Log@CSysClbt@@QAEXXZ      0041aa80 f   PSINS.obj
 0001:00019c30       ?LogXk@CSysClbt@@QAEXXZ    0041ac30 f   PSINS.obj
 0001:00019fb0       ??0CPOS618@@QAE@XZ         0041afb0 f   PSINS.obj
 0001:0001a050       ??0CPOS618@@QAE@NNH@Z      0041b050 f   PSINS.obj
 0001:0001a290       ??1CPOS618@@QAE@XZ         0041b290 f   PSINS.obj
 0001:0001a480       ??_GCRMemory@@QAEPAXI@Z    0041b480 f i PSINS.obj
 0001:0001a4e0       ??_GCSmooth@@QAEPAXI@Z     0041b4e0 f i PSINS.obj
 0001:0001a540       ??_GCFileRdWt@@QAEPAXI@Z   0041b540 f i PSINS.obj
 0001:0001a5a0       ?Load@CPOS618@@QAEHPADNN@Z 0041b5a0 f   PSINS.obj
 0001:0001aa10       ?Init@CPOS618@@QAEXNABVCVect3@@@Z 0041ba10 f   PSINS.obj
 0001:0001aed0       ?Forward@CPOS618@@QAEXXZ   0041bed0 f   PSINS.obj
 0001:0001b250       ?Backward@CPOS618@@QAEXXZ  0041c250 f   PSINS.obj
 0001:0001b6f0       ?Reverse@CPOS618@@QAEXXZ   0041c6f0 f   PSINS.obj
 0001:0001b920       ?Smooth@CPOS618@@QAEXXZ    0041c920 f   PSINS.obj
 0001:0001b950       ?Process@CPOS618@@QAEXPADH@Z 0041c950 f   PSINS.obj
 0001:0001ba30       ??0CSINSGNSSCNS@@QAE@XZ    0041ca30 f   PSINS.obj
 0001:0001ba90       ??0CSINSGNSSCNS@@QAE@N@Z   0041ca90 f   PSINS.obj
 0001:0001bb60       ?SetCNS@CSINSGNSSCNS@@QAEXHHHNNN@Z 0041cb60 f   PSINS.obj
 0001:0001bc00       ?Init@CSINSGNSSCNS@@QAEXABVCSINS@@H@Z 0041cc00 f   PSINS.obj
 0001:0001bff0       ?SetHk@CSINSGNSSCNS@@UAEXH@Z 0041cff0 f   PSINS.obj
 0001:0001c0a0       ?Feedback@CSINSGNSSCNS@@UAEXHN@Z 0041d0a0 f   PSINS.obj
 0001:0001c130       ?SetMeasCNS@CSINSGNSSCNS@@QAEXAAVCQuat@@@Z 0041d130 f   PSINS.obj
 0001:0001c220       ?SetMeasCNS@CSINSGNSSCNS@@QAEXAAVCVect3@@@Z 0041d220 f   PSINS.obj
 0001:0001c2e0       ??0CSINSGNSSDR@@QAE@XZ     0041d2e0 f   PSINS.obj
 0001:0001c360       ?SetHk@CSINSGNSSDR@@UAEXH@Z 0041d360 f i PSINS.obj
 0001:0001c390       ??0CSINSGNSSDR@@QAE@N@Z    0041d390 f   PSINS.obj
 0001:0001c520       ?Init@CSINSGNSSDR@@QAEXABVCSINS@@H@Z 0041d520 f   PSINS.obj
 0001:0001cb30       ?SetFt@CSINSGNSSDR@@UAEXH@Z 0041db30 f   PSINS.obj
 0001:0001ccc0       ?Feedback@CSINSGNSSDR@@UAEXHN@Z 0041dcc0 f   PSINS.obj
 0001:0001cdb0       ?SetMeas@CSINSGNSSDR@@UAEXXZ 0041ddb0 f   PSINS.obj
 0001:0001ce40       ?SetMeasGNSS@CSINSGNSSDR@@QAEXABVCVect3@@0N@Z 0041de40 f   PSINS.obj
 0001:0001d080       ?Update@CSINSGNSSDR@@QAEHPBVCVect3@@0NHNH@Z 0041e080 f   PSINS.obj
 0001:0001d1e0       ??0CSINSGNSSOD@@QAE@XZ     0041e1e0 f   PSINS.obj
 0001:0001d2f0       ?SetMeas@CSINSGNSSOD@@UAEXXZ 0041e2f0 f i PSINS.obj
 0001:0001d320       ??0CSINSGNSSOD@@QAE@HHNH@Z 0041e320 f   PSINS.obj
 0001:0001d570       ?Init@CSINSGNSSOD@@QAEXABVCSINS@@H@Z 0041e570 f   PSINS.obj
 0001:0001d600       ?SetDistance@CSINSGNSSOD@@QAEXN@Z 0041e600 f   PSINS.obj
 0001:0001d6c0       ?ODKappa@CSINSGNSSOD@@QAE?AVCVect3@@ABV2@@Z 0041e6c0 f   PSINS.obj
 0001:0001d7c0       ?ODVelUpdate@CSINSGNSSOD@@QAEHN@Z 0041e7c0 f   PSINS.obj
 0001:0001dea0       ?Update@CSINSGNSSOD@@QAEHPBVCVect3@@0NHNH@Z 0041eea0 f   PSINS.obj
 0001:0001df40       ??6CSINSGNSSOD@@QAEXAAVCFileRdWt@@@Z 0041ef40 f   PSINS.obj
 0001:0001e0b0       ??0CAutoDrive@@QAE@XZ      0041f0b0 f   PSINS.obj
 0001:0001e120       ?SetMeas@CAutoDrive@@UAEXXZ 0041f120 f i PSINS.obj
 0001:0001e150       ??0CAutoDrive@@QAE@N@Z     0041f150 f   PSINS.obj
 0001:0001e320       ?Init@CAutoDrive@@QAEXABVCSINS@@H@Z 0041f320 f   PSINS.obj
 0001:0001e800       ?SetFt@CAutoDrive@@UAEXH@Z 0041f800 f   PSINS.obj
 0001:0001e840       ?SetHk@CAutoDrive@@UAEXH@Z 0041f840 f   PSINS.obj
 0001:0001e870       ?Feedback@CAutoDrive@@UAEXHN@Z 0041f870 f   PSINS.obj
 0001:0001e940       ?ZUPTtest@CAutoDrive@@QAEXXZ 0041f940 f   PSINS.obj
 0001:0001ea40       ?ZIHRtest@CAutoDrive@@QAEXXZ 0041fa40 f   PSINS.obj
 0001:0001eb40       ?NHCtest@CAutoDrive@@QAEXXZ 0041fb40 f   PSINS.obj
 0001:0001ec90       ?SetGNSSFixMode@CAutoDrive@@QAEXH@Z 0041fc90 f   PSINS.obj
 0001:0001ee60       ?Update@CAutoDrive@@QAEHPBVCVect3@@0NHNH@Z 0041fe60 f   PSINS.obj
 0001:0001f0a0       ??0CSGOClbt@@QAE@N@Z       004200a0 f   PSINS.obj
 0001:0001f170       ?Init@CSGOClbt@@QAEXABVCSINS@@H@Z 00420170 f   PSINS.obj
 0001:0001f6c0       ?SetFt@CSGOClbt@@UAEXH@Z   004206c0 f   PSINS.obj
 0001:0001f730       ?SetHk@CSGOClbt@@UAEXH@Z   00420730 f   PSINS.obj
 0001:0001f7f0       ?Feedback@CSGOClbt@@UAEXHN@Z 004207f0 f   PSINS.obj
 0001:0001f930       ?Update@CSGOClbt@@QAEHPBVCVect3@@0NHNH@Z 00420930 f   PSINS.obj
 0001:0001fa10       ??0CVAutoPOS@@QAE@XZ       00420a10 f   PSINS.obj
 0001:0001fa60       ??0CVAutoPOS@@QAE@N@Z      00420a60 f   PSINS.obj
 0001:0001fac0       ?Init@CVAutoPOS@@UAEXABVCSINS@@H@Z 00420ac0 f   PSINS.obj
 0001:0001fd60       ?SetFt@CVAutoPOS@@UAEXH@Z  00420d60 f   PSINS.obj
 0001:0001fda0       ?SetHk@CVAutoPOS@@UAEXH@Z  00420da0 f   PSINS.obj
 0001:0001fdd0       ?Feedback@CVAutoPOS@@UAEXHN@Z 00420dd0 f   PSINS.obj
 0001:0001fea0       ?Update@CVAutoPOS@@QAEHPBVCVect3@@0NHNH@Z 00420ea0 f   PSINS.obj
 0001:0001ff80       ?Init@CCAM@@QAEXABVCVect3@@0NN@Z 00420f80 f   PSINS.obj
 0001:00020050       ?Init@CCAM@@QAEXABVCVect3@@NN@Z 00421050 f   PSINS.obj
 0001:000200c0       ?Update@CCAM@@QAEXNNNN@Z   004210c0 f   PSINS.obj
 0001:000201c0       ?Update@CCAM@@QAEXNN@Z     004211c0 f   PSINS.obj
 0001:00020420       ?Init@CCALLH@@QAEXAAVCSINS@@ABVCVect3@@@Z 00421420 f   PSINS.obj
 0001:000205f0       ?Update@CCALLH@@QAEXABVCSINS@@ABVCVect3@@1@Z 004215f0 f   PSINS.obj
 0001:000207e0       ?Update@CCALLH@@QAEXABVCVect3@@0@Z 004217e0 f   PSINS.obj
 0001:00020890       ?OutLLH@CCALLH@@QAEXXZ     00421890 f   PSINS.obj
 0001:00020a90       ??0CGKP@@QAE@NN@Z          00421a90 f   PSINS.obj
 0001:00020ae0       ?Init@CGKP@@QAEXNN@Z       00421ae0 f   PSINS.obj
 0001:00020d40       ?GKPCore@CGKP@@AAE?AVCVect3@@ABV2@@Z 00421d40 f   PSINS.obj
 0001:00021140       ?IGKPCore@CGKP@@AAE?AVCVect3@@ABV2@@Z 00422140 f   PSINS.obj
 0001:000215e0       ?GKP@CGKP@@QAE?AVCVect3@@ABV2@@Z 004225e0 f   PSINS.obj
 0001:000216c0       ?IGKP@CGKP@@QAE?AVCVect3@@ABV2@@Z 004226c0 f   PSINS.obj
 0001:000217a0       ??0CEarth@@QAE@NNN@Z       004227a0 f   PSINS.obj
 0001:00021880       ?Init@CEarth@@QAEXNNN@Z    00422880 f   PSINS.obj
 0001:00021990       ?Update@CEarth@@QAEXABVCVect3@@0H@Z 00422990 f   PSINS.obj
 0001:00021ea0       ?vn2dpos@CEarth@@QBE?AVCVect3@@ABV2@N@Z 00422ea0 f   PSINS.obj
 0001:00021f30       ?vn2dpos@CEarth@@QBEXAAVCVect3@@ABV2@N@Z 00422f30 f   PSINS.obj
 0001:00021f90       ??0CIMU@@QAE@XZ            00422f90 f   PSINS.obj
 0001:000225e0       ?Reset@CIMU@@QAEXXZ        004235e0 f   PSINS.obj
 0001:000226b0       ?SetRFU@CIMU@@QAEXPBD@Z    004236b0 f   PSINS.obj
 0001:00022720       ?SetSf@CIMU@@QAEXABVCVect3@@0@Z 00423720 f   PSINS.obj
 0001:00022780       ?SetTemp@CIMU@@QAEXPANH@Z  00423780 f   PSINS.obj
 0001:00022850       ?SetKga@CIMU@@QAEXABVCMat3@@VCVect3@@0ABV3@@Z 00423850 f   PSINS.obj
 0001:000228d0       ?SetgSens@CIMU@@QAEXABVCMat3@@00@Z 004238d0 f   PSINS.obj
 0001:00022980       ?SetKa2@CIMU@@QAEXABVCVect3@@@Z 00423980 f   PSINS.obj
 0001:000229d0       ?SetKapn@CIMU@@QAEXABVCVect3@@@Z 004239d0 f   PSINS.obj
 0001:00022a20       ?SetLvtGA@CIMU@@QAEXABVCVect3@@00N@Z 00423a20 f   PSINS.obj
 0001:00022ab0       ?SetTau@CIMU@@QAEXABVCVect3@@00@Z 00423ab0 f   PSINS.obj
 0001:00022b20       ?SetCba@CIMU@@QAEXABVCMat3@@@Z 00423b20 f   PSINS.obj
 0001:00022e00       ?GetMeanwf@CIMU@@QAENAAVCVect3@@0H@Z 00423e00 f   PSINS.obj
 0001:00022f00       ?Update@CIMU@@QAENPBVCVect3@@0HN@Z 00423f00 f   PSINS.obj
 0001:000240a0       ?IMURFU@@YAXPAVCVect3@@HPBD@Z 004250a0 f   PSINS.obj
 0001:00024200       ?IMURFU@@YAXPAVCVect3@@0HPBD@Z 00425200 f   PSINS.obj
 0001:00024260       ?IMUStatic@@YAXAAVCVect3@@000N@Z 00425260 f   PSINS.obj
 0001:00024390       ?lsclbt@@YA?AVCMat@@AAV1@0@Z 00425390 f   PSINS.obj
 0001:00024660       ??0CIMUInc@@QAE@NN@Z       00425660 f   PSINS.obj
 0001:000246b0       ?Init@CIMUInc@@QAEXNN@Z    004256b0 f   PSINS.obj
 0001:00024820       ?Update@CIMUInc@@QAEXABVCVect3@@0@Z 00425820 f   PSINS.obj
 0001:000249f0       ??0CIMUInv@@QAE@ABVCVect3@@00NN@Z 004259f0 f   PSINS.obj
 0001:00024bc0       ?Update@CIMUInv@@QAEXABVCVect3@@0@Z 00425bc0 f   PSINS.obj
 0001:000250a0       ??0CSINS@@QAE@NABVCVect3@@N@Z 004260a0 f   PSINS.obj
 0001:00025420       ??0CSINS@@QAE@ABVCVect3@@00N@Z 00426420 f   PSINS.obj
 0001:00025780       ??0CSINS@@QAE@ABVCQuat@@ABVCVect3@@1N@Z 00426780 f   PSINS.obj
 0001:00025ad0       ?Init@CSINS@@QAEXABVCVect3@@00N@Z 00426ad0 f   PSINS.obj
 0001:00025b30       ?Init@CSINS@@QAEXABVCQuat@@ABVCVect3@@1N@Z 00426b30 f   PSINS.obj
 0001:00026070       ?SetTauGA@CSINS@@QAEXABVCVect3@@0@Z 00427070 f   PSINS.obj
 0001:00026290       ?Update@CSINS@@QAEXPBVCVect3@@0HN@Z 00427290 f   PSINS.obj
 0001:00027330       ?Extrap@CSINS@@QAEXABVCVect3@@0N@Z 00428330 f   PSINS.obj
 0001:000274f0       ?Extrap@CSINS@@QAEXN@Z     004284f0 f   PSINS.obj
 0001:00027670       ?lever@CSINS@@QAEXABVCVect3@@PAV2@1@Z 00428670 f   PSINS.obj
 0001:000278b0       ?lever2@CSINS@@QAEXABVCVect3@@PAV2@1PBV2@2@Z 004288b0 f   PSINS.obj
 0001:00027a70       ?atss@CSINS@@QAEXPAN0@Z    00428a70 f   PSINS.obj
 0001:00027af0       ?etm@CSINS@@QAEXXZ         00428af0 f   PSINS.obj
 0001:00028020       ?AddErr@CSINS@@QAEXABVCVect3@@00@Z 00429020 f   PSINS.obj
 0001:000280d0       ?AddErr@CSINS@@QAEXNABVCVect3@@0@Z 004290d0 f   PSINS.obj
 0001:00028130       ?Leveling@CSINS@@QAEXH@Z   00429130 f   PSINS.obj
 0001:00028280       ?DebugStop@CSINS@@QAEXNHH@Z 00429280 f   PSINS.obj
 0001:00028340       ??0CDR@@QAE@XZ             00429340 f   PSINS.obj
 0001:00028420       ?Init@CDR@@QAEXABVCSINS@@ABVCVect3@@@Z 00429420 f   PSINS.obj
 0001:000284b0       ?Init@CDR@@QAEXABVCVect3@@00N@Z 004294b0 f   PSINS.obj
 0001:00028670       ?Update@CDR@@QAEXABVCVect3@@NN0@Z 00429670 f   PSINS.obj
 0001:00028930       ?SetGCK@CDR@@QAEXN@Z       00429930 f   PSINS.obj
 0001:00028a50       ?Leveling@CDR@@QAEXABVCVect3@@N@Z 00429a50 f   PSINS.obj
 0001:00028c20       ?Calibrate@CDR@@QAE?AVCVect3@@ABV2@00N@Z 00429c20 f   PSINS.obj
 0001:00028e20       ??0CCNS@@QAE@XZ            00429e20 f   PSINS.obj
 0001:00028f90       ?SetdT@CCNS@@QAEXNN@Z      00429f90 f   PSINS.obj
 0001:00028ff0       ?Setxyp@CCNS@@QAEXNN@Z     00429ff0 f   PSINS.obj
 0001:000290e0       ?JD@CCNS@@QAENHHHN@Z       0042a0e0 f   PSINS.obj
 0001:000291b0       ?Precmat@CCNS@@QAE?AVCMat3@@N@Z 0042a1b0 f   PSINS.obj
 0001:000292e0       ?Equinox@CCNS@@QAEXN@Z     0042a2e0 f   PSINS.obj
 0001:000294f0       ?Nutmat@CCNS@@QAE?AVCMat3@@N@Z 0042a4f0 f   PSINS.obj
 0001:000295e0       ?GAST@CCNS@@QAENNN@Z       0042a5e0 f   PSINS.obj
 0001:00029730       ?GetCie@CCNS@@QAE?AVCMat3@@NN@Z 0042a730 f   PSINS.obj
 0001:000298b0       ?GetCns@CCNS@@QAE?AVCMat3@@ABVCQuat@@ABVCVect3@@NABV2@@Z 0042a8b0 f   PSINS.obj
 0001:00029a00       ??0CAVPInterp@@QAE@XZ      0042aa00 f   PSINS.obj
 0001:00029aa0       ?Init@CAVPInterp@@QAEXABVCSINS@@NHH@Z 0042aaa0 f   PSINS.obj
 0001:00029b40       ?Init@CAVPInterp@@QAEXABVCVect3@@00NH@Z 0042ab40 f   PSINS.obj
 0001:00029c30       ?Push@CAVPInterp@@QAEXABVCSINS@@H@Z 0042ac30 f   PSINS.obj
 0001:00029cc0       ?Push@CAVPInterp@@QAEXABVCVect3@@00@Z 0042acc0 f   PSINS.obj
 0001:00029d70       ?Interp@CAVPInterp@@QAEHNH@Z 0042ad70 f   PSINS.obj
 0001:0002a1a0       ?timestr@@YAPADHPAD@Z      0042b1a0 f   PSINS.obj
 0001:0002a250       ?time2fname@@YAPADXZ       0042b250 f   PSINS.obj
 0001:0002a2a0       ?DirI@CFileRdWt@@SAXPBD@Z  0042b2a0 f   PSINS.obj
 0001:0002a330       ?DirO@CFileRdWt@@SAXPBD@Z  0042b330 f   PSINS.obj
 0001:0002a3c0       ?Dir@CFileRdWt@@SAXPBD0@Z  0042b3c0 f   PSINS.obj
 0001:0002a420       ??0CFileRdWt@@QAE@XZ       0042b420 f   PSINS.obj
 0001:0002a450       ??0CFileRdWt@@QAE@PBDH@Z   0042b450 f   PSINS.obj
 0001:0002a4c0       ??1CFileRdWt@@QAE@XZ       0042b4c0 f   PSINS.obj
 0001:0002a510       ?Init@CFileRdWt@@QAEXPBDH@Z 0042b510 f   PSINS.obj
 0001:0002a8f0       ?load@CFileRdWt@@QAEHHH@Z  0042b8f0 f   PSINS.obj
 0001:0002adc0       ?loadf32@CFileRdWt@@QAEHH@Z 0042bdc0 f   PSINS.obj
 0001:0002aeb0       ?load@CFileRdWt@@QAEJPAEJ@Z 0042beb0 f   PSINS.obj
 0001:0002af60       ?bwseek@CFileRdWt@@QAEXHH@Z 0042bf60 f   PSINS.obj
 0001:0002afd0       ?filesize@CFileRdWt@@QAEJH@Z 0042bfd0 f   PSINS.obj
 0001:0002b0a0       ?getl@CFileRdWt@@QAEHXZ    0042c0a0 f   PSINS.obj
 0001:0002b100       ?savepos@CFileRdWt@@QAEJH@Z 0042c100 f   PSINS.obj
 0001:0002b190       ?restorepos@CFileRdWt@@QAEHH@Z 0042c190 f   PSINS.obj
 0001:0002b210       ?waitfor@CFileRdWt@@QAEHHNN@Z 0042c210 f   PSINS.obj
 0001:0002b2b0       ??6CFileRdWt@@QAEAAV0@N@Z  0042c2b0 f   PSINS.obj
 0001:0002b300       ??6CFileRdWt@@QAEAAV0@ABVCVect3@@@Z 0042c300 f   PSINS.obj
 0001:0002b350       ??6CFileRdWt@@QAEAAV0@ABVCQuat@@@Z 0042c350 f   PSINS.obj
 0001:0002b3a0       ??6CFileRdWt@@QAEAAV0@ABVCMat3@@@Z 0042c3a0 f   PSINS.obj
 0001:0002b3f0       ??6CFileRdWt@@QAEAAV0@ABVCVect@@@Z 0042c3f0 f   PSINS.obj
 0001:0002b450       ??6CFileRdWt@@QAEAAV0@ABVCMat@@@Z 0042c450 f   PSINS.obj
 0001:0002b4b0       ??6CFileRdWt@@QAEAAV0@ABVCRAvar@@@Z 0042c4b0 f   PSINS.obj
 0001:0002b510       ??6CFileRdWt@@QAEAAV0@ABVCMaxMinn@@@Z 0042c510 f   PSINS.obj
 0001:0002b620       ??6CFileRdWt@@QAEAAV0@ABVCAligni0@@@Z 0042c620 f   PSINS.obj
 0001:0002b6b0       ??6CFileRdWt@@QAEAAV0@ABVCPolyfit@@@Z 0042c6b0 f   PSINS.obj
 0001:0002b720       ??6CFileRdWt@@QAEAAV0@ABVCPolyfit3@@@Z 0042c720 f   PSINS.obj
 0001:0002b790       ??6CFileRdWt@@QAEAAV0@ABVCIMU@@@Z 0042c790 f   PSINS.obj
 0001:0002b800       ??6CFileRdWt@@QAEAAV0@ABVCSINS@@@Z 0042c800 f   PSINS.obj
 0001:0002b910       ??6CFileRdWt@@QAEAAV0@ABVCDR@@@Z 0042c910 f   PSINS.obj
 0001:0002b9a0       ??6CFileRdWt@@QAEAAV0@ABVCRMemory@@@Z 0042c9a0 f   PSINS.obj
 0001:0002b9f0       ??6CFileRdWt@@QAEAAV0@AAVCKalman@@@Z 0042c9f0 f   PSINS.obj
 0001:0002bad0       ??5CFileRdWt@@QAEAAV0@AAN@Z 0042cad0 f   PSINS.obj
 0001:0002bb20       ??5CFileRdWt@@QAEAAV0@AAVCVect3@@@Z 0042cb20 f   PSINS.obj
 0001:0002bb70       ??5CFileRdWt@@QAEAAV0@AAVCQuat@@@Z 0042cb70 f   PSINS.obj
 0001:0002bbc0       ??5CFileRdWt@@QAEAAV0@AAVCMat3@@@Z 0042cbc0 f   PSINS.obj
 0001:0002bc10       ??5CFileRdWt@@QAEAAV0@AAVCVect@@@Z 0042cc10 f   PSINS.obj
 0001:0002bc70       ??5CFileRdWt@@QAEAAV0@AAVCMat@@@Z 0042cc70 f   PSINS.obj
 0001:0002bcd0       ??0CFileList@@QAE@PBD000@Z 0042ccd0 f   PSINS.obj
 0001:0002bf10       ?NextFile@CFileList@@QAEPADXZ 0042cf10 f   PSINS.obj
 0001:0002c220       ??1CFileList@@QAE@XZ       0042d220 f   PSINS.obj
 0001:0002c2f0       ??0CFileLog@@QAE@XZ        0042d2f0 f   PSINS.obj
 0001:0002c360       ?LogSet@CFileLog@@QAEAAV1@HPBD@Z 0042d360 f   PSINS.obj
 0001:0002c480       ??1CFileLog@@QAE@XZ        0042d480 f   PSINS.obj
 0001:0002c4f0       ?LogDate@CFileLog@@QAEAAV1@H@Z 0042d4f0 f   PSINS.obj
 0001:0002c580       ?LogRunTime@CFileLog@@QAEAAV1@H@Z 0042d580 f   PSINS.obj
 0001:0002c600       ??6CFileLog@@QAEAAV0@PBD@Z 0042d600 f   PSINS.obj
 0001:0002c660       ??6CFileLog@@QAEAAV0@H@Z   0042d660 f   PSINS.obj
 0001:0002c6c0       ??6CFileLog@@QAEAAV0@M@Z   0042d6c0 f   PSINS.obj
 0001:0002c730       ??6CFileLog@@QAEAAV0@N@Z   0042d730 f   PSINS.obj
 0001:0002c790       ??6CFileLog@@QAEAAV0@ABVCVect3@@@Z 0042d790 f   PSINS.obj
 0001:0002c810       ??6CFileLog@@QAEAAV0@ABVCQuat@@@Z 0042d810 f   PSINS.obj
 0001:0002c8a0       ??6CFileLog@@QAEAAV0@ABVCVect@@@Z 0042d8a0 f   PSINS.obj
 0001:0002c930       ??6CFileLog@@QAEAAV0@ABVCMat3@@@Z 0042d930 f   PSINS.obj
 0001:0002ca20       ??6CFileLog@@QAEAAV0@ABVCMat@@@Z 0042da20 f   PSINS.obj
 0001:0002cb00       ?CMArray@CFileLog@@QAEAAV1@PBDPBNHHN0@Z 0042db00 f   PSINS.obj
 0001:0002cba0       ?CArray@CFileLog@@QAEAAV1@PBDPBNHHN0@Z 0042dba0 f   PSINS.obj
 0001:0002ce00       ?MArray@CFileLog@@QAEAAV1@PBDPBNHHN0@Z 0042de00 f   PSINS.obj
 0001:0002cf90       ?Flush@CFileLog@@QAEXH@Z   0042df90 f   PSINS.obj
 0001:0002d000       ??0CFileCfg@@QAE@XZ        0042e000 f   PSINS.obj
 0001:0002d040       ??1CFileCfg@@QAE@XZ        0042e040 f   PSINS.obj
 0001:0002d0a0       ??6CFileCfg@@QAEAAV0@PBD@Z 0042e0a0 f   PSINS.obj
 0001:0002d150       ??5CFileCfg@@QAEAAV0@PBD@Z 0042e150 f   PSINS.obj
 0001:0002d220       ??6CFileCfg@@QAEAAV0@F@Z   0042e220 f   PSINS.obj
 0001:0002d270       ??6CFileCfg@@QAEAAV0@H@Z   0042e270 f   PSINS.obj
 0001:0002d2c0       ??6CFileCfg@@QAEAAV0@M@Z   0042e2c0 f   PSINS.obj
 0001:0002d310       ??6CFileCfg@@QAEAAV0@N@Z   0042e310 f   PSINS.obj
 0001:0002d360       ??6CFileCfg@@QAEAAV0@ABVCVect3@@@Z 0042e360 f   PSINS.obj
 0001:0002d3b0       ??6CFileCfg@@QAEAAV0@ABVCQuat@@@Z 0042e3b0 f   PSINS.obj
 0001:0002d400       ??6CFileCfg@@QAEAAV0@ABVCMat3@@@Z 0042e400 f   PSINS.obj
 0001:0002d450       ??6CFileCfg@@QAEAAV0@ABVCMat@@@Z 0042e450 f   PSINS.obj
 0001:0002d4b0       ??5CFileCfg@@QAEAAV0@AAF@Z 0042e4b0 f   PSINS.obj
 0001:0002d520       ??5CFileCfg@@QAEAAV0@AAH@Z 0042e520 f   PSINS.obj
 0001:0002d590       ??5CFileCfg@@QAEAAV0@AAM@Z 0042e590 f   PSINS.obj
 0001:0002d610       ??5CFileCfg@@QAEAAV0@AAN@Z 0042e610 f   PSINS.obj
 0001:0002d6a0       ??5CFileCfg@@QAEAAV0@AAVCVect3@@@Z 0042e6a0 f   PSINS.obj
 0001:0002d730       ??5CFileCfg@@QAEAAV0@AAVCQuat@@@Z 0042e730 f   PSINS.obj
 0001:0002d7d0       ??5CFileCfg@@QAEAAV0@AAVCMat3@@@Z 0042e7d0 f   PSINS.obj
 0001:0002d870       ??4CFileCfg@@QAEAAV0@AAV0@@Z 0042e870 f   PSINS.obj
 0001:0002d8b0       ?WriteCfg@@YA?AVCFileCfg@@PBD0@Z 0042e8b0 f   PSINS.obj
 0001:0002d990       ?ReadCfg@@YA?AVCFileCfg@@PBD0@Z 0042e990 f   PSINS.obj
 0001:0002da70       ??0CRMemory@@QAE@XZ        0042ea70 f   PSINS.obj
 0001:0002daa0       ??0CRMemory@@QAE@JH@Z      0042eaa0 f   PSINS.obj
 0001:0002db20       ??0CRMemory@@QAE@PAEJH@Z   0042eb20 f   PSINS.obj
 0001:0002db70       ?Init@CRMemory@@QAEXPAEJH@Z 0042eb70 f   PSINS.obj
 0001:0002dc10       ??1CRMemory@@QAE@XZ        0042ec10 f   PSINS.obj
 0001:0002dc60       ??4CRMemory@@QAEXABV0@@Z   0042ec60 f   PSINS.obj
 0001:0002dda0       ?pop@CRMemory@@QAEEPAE@Z   0042eda0 f   PSINS.obj
 0001:0002de90       ?get@CRMemory@@QAEPAEH@Z   0042ee90 f   PSINS.obj
 0001:0002def0       ?set@CRMemory@@QAEPAEHPBE@Z 0042eef0 f   PSINS.obj
 0001:0002df90       ?push@CRMemory@@QAEHPBE@Z  0042ef90 f   PSINS.obj
 0001:0002e090       ??0CSmooth@@QAE@HH@Z       0042f090 f   PSINS.obj
 0001:0002e1e0       ??1CSmooth@@QAE@XZ         0042f1e0 f   PSINS.obj
 0001:0002e250       ?Update@CSmooth@@QAE?AVCVect@@PBNPAN@Z 0042f250 f   PSINS.obj
 0001:0002e3a0       ??0CInterp@@QAE@PAPANHH@Z  0042f3a0 f   PSINS.obj
 0001:0002e4e0       ??0CInterp@@QAE@PBDH@Z     0042f4e0 f   PSINS.obj
 0001:0002e700       ??1CInterp@@QAE@XZ         0042f700 f   PSINS.obj
 0001:0002e7b0       ?Interp@CInterp@@QAENNPAN@Z 0042f7b0 f   PSINS.obj
 0001:0002ea90       ?flipud@@YAPAEPAEHH@Z      0042fa90 f   PSINS.obj
 0001:0002ebb0       ??0CContinuousCnt@@QAE@H@Z 0042fbb0 f   PSINS.obj
 0001:0002ec00       ?Update@CContinuousCnt@@QAEHH@Z 0042fc00 f   PSINS.obj
 0001:0002eca0       ?Alignsb@@YA?AVCVect3@@ABV1@0N@Z 0042fca0 f   PSINS.obj
 0001:0002eef0       ?Alignsb@@YA?AVCVect3@@ABV1@00@Z 0042fef0 f   PSINS.obj
 0001:0002ef50       ??0CAligni0@@QAE@ABVCVect3@@0H@Z 0042ff50 f   PSINS.obj
 0001:0002f0b0       ?Init@CAligni0@@QAEXABVCVect3@@0H@Z 004300b0 f   PSINS.obj
 0001:0002f240       ?Update@CAligni0@@QAE?AVCQuat@@PBVCVect3@@0HNABV3@@Z 00430240 f   PSINS.obj
 0001:0002f8b0       ??0CAligni0fit@@QAE@XZ     004308b0 f   PSINS.obj
 0001:0002f9b0       ??0CAligni0fit@@QAE@ABVCVect3@@@Z 004309b0 f   PSINS.obj
 0001:0002fac0       ?Init@CAligni0fit@@QAEXABVCVect3@@@Z 00430ac0 f   PSINS.obj
 0001:0002fd10       ?Update@CAligni0fit@@QAE?AVCQuat@@PBVCVect3@@0HN@Z 00430d10 f   PSINS.obj
 0001:000304a0       ?pi0t@CAligni0fit@@QAE?AVCVect3@@N@Z 004314a0 f   PSINS.obj
 0001:000305c0       ?pib0t@CAligni0fit@@QAE?AVCVect3@@N@Z 004315c0 f   PSINS.obj
 0001:000306a0       ??0CAlignkf@@QAE@XZ        004316a0 f   PSINS.obj
 0001:00030700       ??0CAlignkf@@QAE@N@Z       00431700 f   PSINS.obj
 0001:000307b0       ??0CAlignkf@@QAE@ABVCSINS@@N@Z 004317b0 f   PSINS.obj
 0001:00030830       ?Init@CAlignkf@@QAEXABVCSINS@@@Z 00431830 f   PSINS.obj
 0001:00030d20       ?Update@CAlignkf@@QAEHPBVCVect3@@0HNH@Z 00431d20 f   PSINS.obj
 0001:00030e00       ?Update@CAlignkf@@QAEHPBVCVect3@@0HNABV2@H@Z 00431e00 f   PSINS.obj
 0001:00030ef0       ??0CAligntrkang@@QAE@NNNN@Z 00431ef0 f   PSINS.obj
 0001:00030fd0       ?Init@CAligntrkang@@QAEXABVCSINS@@@Z 00431fd0 f   PSINS.obj
 0001:000314b0       ?Update@CAligntrkang@@QAEHPBVCVect3@@0HNABV2@H@Z 004324b0 f   PSINS.obj
 0001:000317c0       ??0CAlignsv@@QAE@XZ        004327c0 f   PSINS.obj
 0001:00031820       ??0CAlignsv@@QAE@N@Z       00432820 f   PSINS.obj
 0001:000318a0       ??0CAlignsv@@QAE@ABVCVect3@@NNN@Z 004328a0 f   PSINS.obj
 0001:00031940       ?Init@CAlignsv@@QAEXABVCVect3@@NNN@Z 00432940 f   PSINS.obj
 0001:00031b20       ??1CAlignsv@@QAE@XZ        00432b20 f   PSINS.obj
 0001:00031ba0       ?Update@CAlignsv@@QAEHPBVCVect3@@0H@Z 00432ba0 f   PSINS.obj
 0001:00031df0       ??0CAligntf@@QAE@N@Z       00432df0 f   PSINS.obj
 0001:00031ea0       ??0CAligntf@@QAE@ABVCSINS@@N@Z 00432ea0 f   PSINS.obj
 0001:00031f20       ?Init@CAligntf@@QAEXABVCSINS@@@Z 00432f20 f   PSINS.obj
 0001:00032430       ?SetFt@CAligntf@@UAEXH@Z   00433430 f   PSINS.obj
 0001:000324b0       ?SetHk@CAligntf@@UAEXH@Z   004334b0 f   PSINS.obj
 0001:000325f0       ?Feedback@CAligntf@@UAEXHN@Z 004335f0 f   PSINS.obj
 0001:000326e0       ?Update@CAligntf@@QAEHPBVCVect3@@0HNH@Z 004336e0 f   PSINS.obj
 0001:00032770       ?SetMeasVnAtt@CAligntf@@QAEXABVCVect3@@0@Z 00433770 f   PSINS.obj
 0001:000328f0       ??6CAligntf@@QAEXAAVCFileRdWt@@@Z 004338f0 f   PSINS.obj
 0001:000329b0       ??0CUartPP@@QAE@HG@Z       004339b0 f   PSINS.obj
 0001:00032a80       ?checksum@CUartPP@@QAEHPBE@Z 00433a80 f   PSINS.obj
 0001:00032b60       ?push@CUartPP@@QAEHPBEH@Z  00433b60 f   PSINS.obj
 0001:00032c40       ?nextIdx@CUartPP@@QAEHH@Z  00433c40 f i PSINS.obj
 0001:00032c90       ?pop@CUartPP@@QAEHPAE@Z    00433c90 f   PSINS.obj
 0001:00032e60       ?chksum8@@YAEPBEH@Z        00433e60 f   PSINS.obj
 0001:00032eb0       ?chksum16@@YAGPBGH@Z       00433eb0 f   PSINS.obj
 0001:00032f10       ?flt22db@@YANMM@Z          00433f10 f   PSINS.obj
 0001:00032f60       ?db2flt2@@YAXNPAM0@Z       00433f60 f   PSINS.obj
 0001:00032ff0       ?iga2flt@@YAHPAMPBN1111@Z  00433ff0 f   PSINS.obj
 0001:00033330       ?swap16@@YAGG@Z            00434330 f   PSINS.obj
 0001:00033380       ?swap24@@YAPAEPAE0@Z       00434380 f   PSINS.obj
 0001:000333e0       ?swap32@@YAII@Z            004343e0 f   PSINS.obj
 0001:00033450       ?swap64@@YAKK@Z            00434450 f   PSINS.obj
 0001:000334f0       ?int24@@YAPAEPAEH@Z        004344f0 f   PSINS.obj
 0001:00033560       ?diffint24@@YAHPBE0@Z      00434560 f   PSINS.obj
 0001:00033640       ?r2dm@@YANN@Z              00434640 f   PSINS.obj
 0001:000336e0       ?dm2r@@YANN@Z              004346e0 f   PSINS.obj
 0001:00033780       ?logtrigger@@YAHHN@Z       00434780 f   PSINS.obj
 0001:000337f0       ?IsZero@@YAHNN@Z           004347f0 f i PSINS.obj
 0001:00033840       ?sign@@YAHNN@Z             00434840 f   PSINS.obj
 0001:000338a0       ?range@@YANNNN@Z           004348a0 f   PSINS.obj
 0001:00033910       ?maxn@@YANPBNH@Z           00434910 f   PSINS.obj
 0001:00033980       ?minn@@YANPBNH@Z           00434980 f   PSINS.obj
 0001:000339f0       ?norm1@@YANPBNH@Z          004349f0 f   PSINS.obj
 0001:00033a70       ?norm@@YANPBNH@Z           00434a70 f   PSINS.obj
 0001:00033af0       ?normInf@@YANPBNH@Z        00434af0 f   PSINS.obj
 0001:00033b80       ?attract@@YANNNN@Z         00434b80 f   PSINS.obj
 0001:00033bf0       ?polyval@@YANPBNHN@Z       00434bf0 f   PSINS.obj
 0001:00033c50       ?atan2Ex@@YANNN@Z          00434c50 f   PSINS.obj
 0001:00033cf0       ?diffYaw@@YANNN@Z          00434cf0 f   PSINS.obj
 0001:00033d60       ?MKQt@@YANNN@Z             00434d60 f   PSINS.obj
 0001:00033d90       ?MKQt@@YA?AVCVect3@@ABV1@0@Z 00434d90 f   PSINS.obj
 0001:00033e20       ?unixt2gpst@@YANNH@Z       00434e20 f   PSINS.obj
 0001:00033e70       ?chkhdr@@YAHPBD0@Z         00434e70 f   PSINS.obj
 0001:00033ee0       ?randn@@YANNN@Z            00434ee0 f   PSINS.obj
 0001:00033fa0       ?randn@@YA?AVCVect3@@ABV1@0@Z 00434fa0 f   PSINS.obj
 0001:00034050       ?randn@@YA?AVCVect@@ABV1@0@Z 00435050 f   PSINS.obj
 0001:00034150       ?randn@@YA?AVCMat3@@ABV1@ABN@Z 00435150 f   PSINS.obj
 0001:000341f0       ?randn@@YA?AVCMat@@ABV1@ABN@Z 004351f0 f   PSINS.obj
 0001:000342e0       ?deci@@YAPAHHPAH@Z         004352e0 f   PSINS.obj
 0001:00034470       _psinsInit0                00435470 f   PSINS.obj
 0001:000344c0       _psinsUpdate0              004354c0 f   PSINS.obj
 0001:00034510       _psinsUpdatef              00435510 f   PSINS.obj
 0001:00034610       _psinsOut0                 00435610 f   PSINS.obj
 0001:00034670       ?add@@YAXAAVCVect3@@ABV1@1@Z 00435670 f   PSINS.obj
 0001:000346d0       ?add@@YAXAAVCMat3@@ABV1@1@Z 004356d0 f   PSINS.obj
 0001:00034790       ?add@@YAXAAVCVect@@ABV1@1@Z 00435790 f   PSINS.obj
 0001:00034810       ?add@@YAXAAVCMat@@ABV1@1@Z 00435810 f   PSINS.obj
 0001:00034890       ?sub@@YAXAAVCVect3@@ABV1@1@Z 00435890 f   PSINS.obj
 0001:000348f0       ?sub@@YAXAAVCMat3@@ABV1@1@Z 004358f0 f   PSINS.obj
 0001:000349b0       ?sub@@YAXAAVCVect@@ABV1@1@Z 004359b0 f   PSINS.obj
 0001:00034a30       ?sub@@YAXAAVCMat@@ABV1@1@Z 00435a30 f   PSINS.obj
 0001:00034ab0       ?cros@@YAXAAVCVect3@@ABV1@1@Z 00435ab0 f   PSINS.obj
 0001:00034b50       ?dotmul@@YAXAAVCVect3@@ABV1@1@Z 00435b50 f   PSINS.obj
 0001:00034bb0       ?dotdiv@@YAXAAVCVect3@@ABV1@1@Z 00435bb0 f   PSINS.obj
 0001:00034c10       ?mul@@YAXAAVCVect3@@ABV1@ABN@Z 00435c10 f   PSINS.obj
 0001:00034c60       ?mul@@YAXAAVCMat3@@ABV1@ABN@Z 00435c60 f   PSINS.obj
 0001:00034d20       ?mul@@YAXAAVCVect@@ABV1@ABN@Z 00435d20 f   PSINS.obj
 0001:00034db0       ?mul@@YAXAAVCVect@@ABVCMat@@ABV1@@Z 00435db0 f   PSINS.obj
 0001:00034e90       ?mul@@YAXAAVCMat@@ABV1@ABN@Z 00435e90 f   PSINS.obj
 0001:00034f20       ?mul@@YAXAAVCVect3@@ABVCMat3@@ABV1@@Z 00435f20 f   PSINS.obj
 0001:00034fd0       ?mul@@YAXAAVCVect3@@ABV1@ABVCMat3@@@Z 00435fd0 f   PSINS.obj
 0001:00035080       ?mul@@YAXAAVCMat3@@ABV1@1@Z 00436080 f   PSINS.obj
 0001:00035280       ?mul@@YAXAAVCQuat@@ABV1@1@Z 00436280 f   PSINS.obj
 0001:000353b0       ?mul@@YAXAAVCVect3@@ABVCQuat@@ABV1@@Z 004363b0 f   PSINS.obj
 0001:00035510       ?_TT@@YAXAAVCMat3@@ABV1@@Z 00436510 f   PSINS.obj
 0001:000355d0       ?rv2q@@YAXAAVCQuat@@ABVCVect3@@@Z 004365d0 f   PSINS.obj
 0001:000356f0       ?qdelphi@@YAXAAVCQuat@@ABVCVect3@@@Z 004366f0 f   PSINS.obj
 0001:00035810       ?q2mat@@YAXAAVCMat3@@ABVCQuat@@@Z 00436810 f   PSINS.obj
 0001:00035950       ?m2att@@YAXAAVCVect3@@ABVCMat3@@@Z 00436950 f   PSINS.obj
 0001:00035ae0       _asinf                     00436ae0 f i PSINS.obj
 0001:00035b20       _atan2f                    00436b20 f i PSINS.obj
 0001:00035b70       ?AXbt@@YAXAAVCVect3@@ABVCMat3@@ABV1@2ABN@Z 00436b70 f   PSINS.obj
 0001:00035c60       ?ClassSizeDisp@@YAXH@Z     00436c60 f   PSINS.obj
 0001:00035d80       ?Demo_User@@YAXXZ          00436d80 f   PSINS_Demo.obj
 0001:00035e50       ?Demo_CIIRV3@@YAXXZ        00436e50 f   PSINS_Demo.obj
 0001:00036030       ?Demo_CMaxMin@@YAXXZ       00437030 f   PSINS_Demo.obj
 0001:000361a0       ?Demo_CVAR@@YAXXZ          004371a0 f   PSINS_Demo.obj
 0001:000362f0       ?Demo_CVARn@@YAXXZ         004372f0 f   PSINS_Demo.obj
 0001:00036460       ?Demo_CRAvar@@YAXXZ        00437460 f   PSINS_Demo.obj
 0001:000365f0       ?Demo_CSINS_static@@YAXXZ  004375f0 f   PSINS_Demo.obj
 0001:00036960       ?Demo_Extern_C_example@@YAXXZ 00437960 f   PSINS_Demo.obj
 0001:00036b40       ?Demo_CAlignsv@@YAXXZ      00437b40 f   PSINS_Demo.obj
 0001:00036d00       ??0CFileIMU6@@QAE@PBD@Z    00437d00 f i PSINS_Demo.obj
 0001:00036fa0       ??1CFileIMU6@@QAE@XZ       00437fa0 f i PSINS_Demo.obj
 0001:00036fe0       ?Demo_CAligntf@@YAXXZ      00437fe0 f   PSINS_Demo.obj
 0001:000372a0       ?load@CFileIMU6@@QAEHHH@Z  004382a0 f i PSINS_Demo.obj
 0001:000373b0       ?Demo_CAlign_CSINS@@YAXXZ  004383b0 f   PSINS_Demo.obj
 0001:00037640       ?Demo_CSINSGNSS@@YAXXZ     00438640 f   PSINS_Demo.obj
 0001:00037b50       ??0CFileIMUGNSS@@QAE@PBD@Z 00438b50 f i PSINS_Demo.obj
 0001:00037d50       ?load@CFileIMUGNSS@@QAEHH@Z 00438d50 f i PSINS_Demo.obj
 0001:00037dc0       ??1CFileIMUGNSS@@QAE@XZ    00438dc0 f i PSINS_Demo.obj
 0001:00037e00       ?Demo_CSINSGNSSDR@@YAXXZ   00438e00 f   PSINS_Demo.obj
 0001:000380e0       ??0CFileRdSr49@@QAE@PBD@Z  004390e0 f i PSINS_Demo.obj
 0001:000381e0       ?load@CFileRdSr49@@QAEHH@Z 004391e0 f i PSINS_Demo.obj
 0001:000383a0       ?waitforgps@CFileRdSr49@@QAEHXZ 004393a0 f i PSINS_Demo.obj
 0001:00038410       ??0DataSensor49@@QAE@XZ    00439410 f i PSINS_Demo.obj
 0001:000384a0       ??1CFileRdSr49@@QAE@XZ     004394a0 f i PSINS_Demo.obj
 0001:000384e0       ?Demo_SINSOD@@YAXXZ        004394e0 f   PSINS_Demo.obj
 0001:00038770       ?Demo_POS618@@YAXXZ        00439770 f   PSINS_Demo.obj
 0001:00038880       ?Demo_CNS_PrecNut@@YAXXZ   00439880 f   PSINS_Demo.obj
 0001:00038a60       ?Demo_SINSCNS@@YAXXZ       00439a60 f   PSINS_Demo.obj
 0001:00038db0       ?Demo_IMUTempCompensate@@YAXXZ 00439db0 f   PSINS_Demo.obj
 0001:00038ea0       ?Demo_CVCFileFind@@YAXXZ   00439ea0 f   PSINS_Demo.obj
 0001:00038ec0       ?Demo_DSP_main@@YAXXZ      00439ec0 f   PSINS_Demo.obj
 0001:00038ee0       ?Demo_CONSOLE_UART@@YAXXZ  00439ee0 f   PSINS_Demo.obj
 0001:00038f00       ?Demo_Cfg@@YAXXZ           00439f00 f   PSINS_Demo.obj
 0001:00039100       ?Demo_CPolyfit@@YAXXZ      0043a100 f   PSINS_Demo.obj
 0001:00039370       ?Demo_CAligni0@@YAXXZ      0043a370 f   PSINS_Demo.obj
 0001:00039630       ?Demo_SysClbt@@YAXXZ       0043a630 f   PSINS_Demo.obj
 0001:00039930       ??0CFileIMUClbt@@QAE@PBDAAVCIMU@@@Z 0043a930 f i PSINS_Demo.obj
 0001:000399f0       ?load@CFileIMUClbt@@QAEHH@Z 0043a9f0 f i PSINS_Demo.obj
 0001:00039a40       ?aligni0@CFileIMUClbt@@QAE?AVCVect3@@HAAV2@@Z 0043aa40 f i PSINS_Demo.obj
 0001:00039c50       ??1CFileIMUClbt@@QAE@XZ    0043ac50 f i PSINS_Demo.obj
 0001:00039c90       ?Demo_GKP@@YAXXZ           0043ac90 f   PSINS_Demo.obj
 0001:00039e70       ?Demo_CIMUInc@@YAXXZ       0043ae70 f   PSINS_Demo.obj
 0001:00039ff0       ?Demo_Extract_Txt_File@@YAXXZ 0043aff0 f   PSINS_Demo.obj
 0001:0003a170       ?Demo_operator_pointer_run_time@@YAXXZ 0043b170 f   PSINS_Demo.obj
 0001:0003a3c0       ?getRegKeyValues@@YA_NV?$basic_string@DU?$char_traits@D@std@@V?$allocator@D@2@@std@@AAV?$list@V?$basic_string@DU?$char_traits@D@std@@V?$allocator@D@2@@std@@V?$allocator@V?$basic_string@DU?$char_traits@D@std@@V?$allocator@D@2@@std@@@2@@2@@Z 0043b3c0 f   SerialPort.obj
 0001:0003a6d0       ??0CSerialPort@itas109@@QAE@XZ 0043b6d0 f   SerialPort.obj
 0001:0003a820       ??1CSerialPort@itas109@@UAE@XZ 0043b820 f   SerialPort.obj
 0001:0003a910       ?InitPort@CSerialPort@itas109@@QAEHPAUHWND__@@IIDIIKIKKKKK@Z 0043b910 f   SerialPort.obj
 0001:0003aeb0       ?CommThread@CSerialPort@itas109@@KGKPAX@Z 0043beb0 f   SerialPort.obj
 0001:0003b310       ?StartMonitoring@CSerialPort@itas109@@QAEHXZ 0043c310 f   SerialPort.obj
 0001:0003b380       ?ResumeMonitoring@CSerialPort@itas109@@QAEHXZ 0043c380 f   SerialPort.obj
 0001:0003b3d0       ?SuspendMonitoring@CSerialPort@itas109@@QAEHXZ 0043c3d0 f   SerialPort.obj
 0001:0003b420       ?IsThreadSuspend@CSerialPort@itas109@@QAEHPAX@Z 0043c420 f   SerialPort.obj
 0001:0003b490       ?ProcessErrorMessage@CSerialPort@itas109@@IAEXPAD@Z 0043c490 f   SerialPort.obj
 0001:0003b550       ?WriteChar@CSerialPort@itas109@@KAXPAV12@@Z 0043c550 f   SerialPort.obj
 0001:0003b880       ?ReceiveChar@CSerialPort@itas109@@KAXPAV12@@Z 0043c880 f   SerialPort.obj
 0001:0003bb40       ?ReceiveStr@CSerialPort@itas109@@KAXPAV12@@Z 0043cb40 f   SerialPort.obj
 0001:0003be40       ?GetDCB@CSerialPort@itas109@@QAE?AU_DCB@@XZ 0043ce40 f   SerialPort.obj
 0001:0003be80       ?GetCommEvents@CSerialPort@itas109@@QAEKXZ 0043ce80 f   SerialPort.obj
 0001:0003beb0       ?GetWriteBufferSize@CSerialPort@itas109@@QAEKXZ 0043ceb0 f   SerialPort.obj
 0001:0003bee0       ?IsOpened@CSerialPort@itas109@@QAEHXZ 0043cee0 f   SerialPort.obj
 0001:0003bf20       ?ClosePort@CSerialPort@itas109@@QAEXXZ 0043cf20 f   SerialPort.obj
 0001:0003c0e0       ?WriteToPort@CSerialPort@itas109@@QAEXPADI@Z 0043d0e0 f   SerialPort.obj
 0001:0003c1d0       ?WriteToPort@CSerialPort@itas109@@QAEXPAEI@Z 0043d1d0 f   SerialPort.obj
 0001:0003c2c0       ?GetVersion@CSerialPort@itas109@@QAE?AV?$basic_string@DU?$char_traits@D@std@@V?$allocator@D@2@@std@@XZ 0043d2c0 f   SerialPort.obj
 0001:0003c360       ??0CSerialPortInfo@itas109@@QAE@XZ 0043d360 f   SerialPort.obj
 0001:0003c390       ??1CSerialPortInfo@itas109@@QAE@XZ 0043d390 f   SerialPort.obj
 0001:0003c3c0       ?availablePorts@CSerialPortInfo@itas109@@SA?AV?$list@V?$basic_string@DU?$char_traits@D@std@@V?$allocator@D@2@@std@@V?$allocator@V?$basic_string@DU?$char_traits@D@std@@V?$allocator@D@2@@std@@@2@@std@@XZ 0043d3c0 f   SerialPort.obj
 0001:0003c490       ??0?$basic_string@DU?$char_traits@D@std@@V?$allocator@D@2@@std@@QAE@ABV?$allocator@D@1@@Z 0043d490 f i SerialPort.obj
 0001:0003c4e0       ??0?$basic_string@DU?$char_traits@D@std@@V?$allocator@D@2@@std@@QAE@ABV01@@Z 0043d4e0 f i SerialPort.obj
 0001:0003c540       ??0?$basic_string@DU?$char_traits@D@std@@V?$allocator@D@2@@std@@QAE@PBDABV?$allocator@D@1@@Z 0043d540 f i SerialPort.obj
 0001:0003c5a0       ??1?$basic_string@DU?$char_traits@D@std@@V?$allocator@D@2@@std@@QAE@XZ 0043d5a0 f i SerialPort.obj
 0001:0003c5e0       ??4?$basic_string@DU?$char_traits@D@std@@V?$allocator@D@2@@std@@QAEAAV01@ABV01@@Z 0043d5e0 f i SerialPort.obj
 0001:0003c620       ?c_str@?$basic_string@DU?$char_traits@D@std@@V?$allocator@D@2@@std@@QBEPBDXZ 0043d620 f i SerialPort.obj
 0001:0003c670       ??0?$list@UserialPortBuffer@@V?$allocator@UserialPortBuffer@@@std@@@std@@QAE@ABV?$allocator@UserialPortBuffer@@@1@@Z 0043d670 f i SerialPort.obj
 0001:0003c6d0       ??1?$list@UserialPortBuffer@@V?$allocator@UserialPortBuffer@@@std@@@std@@QAE@XZ 0043d6d0 f i SerialPort.obj
 0001:0003c750       ?begin@?$list@UserialPortBuffer@@V?$allocator@UserialPortBuffer@@@std@@@std@@QAE?AViterator@12@XZ 0043d750 f i SerialPort.obj
 0001:0003c7b0       ?end@?$list@UserialPortBuffer@@V?$allocator@UserialPortBuffer@@@std@@@std@@QAE?AViterator@12@XZ 0043d7b0 f i SerialPort.obj
 0001:0003c800       ?size@?$list@UserialPortBuffer@@V?$allocator@UserialPortBuffer@@@std@@@std@@QBEIXZ 0043d800 f i SerialPort.obj
 0001:0003c830       ?push_back@?$list@UserialPortBuffer@@V?$allocator@UserialPortBuffer@@@std@@@std@@QAEXABUserialPortBuffer@@@Z 0043d830 f i SerialPort.obj
 0001:0003c880       ?erase@?$list@UserialPortBuffer@@V?$allocator@UserialPortBuffer@@@std@@@std@@QAE?AViterator@12@V312@@Z 0043d880 f i SerialPort.obj
 0001:0003c960       ??0iterator@?$list@UserialPortBuffer@@V?$allocator@UserialPortBuffer@@@std@@@std@@QAE@XZ 0043d960 f i SerialPort.obj
 0001:0003c9a0       ??Diterator@?$list@UserialPortBuffer@@V?$allocator@UserialPortBuffer@@@std@@@std@@QBEAAUserialPortBuffer@@XZ 0043d9a0 f i SerialPort.obj
 0001:0003c9e0       ??Eiterator@?$list@UserialPortBuffer@@V?$allocator@UserialPortBuffer@@@std@@@std@@QAE?AV012@H@Z 0043d9e0 f i SerialPort.obj
 0001:0003ca30       ??9iterator@?$list@UserialPortBuffer@@V?$allocator@UserialPortBuffer@@@std@@@std@@QBE_NABV012@@Z 0043da30 f i SerialPort.obj
 0001:0003ca80       ??0?$list@V?$basic_string@DU?$char_traits@D@std@@V?$allocator@D@2@@std@@V?$allocator@V?$basic_string@DU?$char_traits@D@std@@V?$allocator@D@2@@std@@@2@@std@@QAE@ABV?$allocator@V?$basic_string@DU?$char_traits@D@std@@V?$allocator@D@2@@std@@@1@@Z 0043da80 f i SerialPort.obj
 0001:0003cae0       ??0?$list@V?$basic_string@DU?$char_traits@D@std@@V?$allocator@D@2@@std@@V?$allocator@V?$basic_string@DU?$char_traits@D@std@@V?$allocator@D@2@@std@@@2@@std@@QAE@ABV01@@Z 0043dae0 f i SerialPort.obj
 0001:0003cb70       ??1?$list@V?$basic_string@DU?$char_traits@D@std@@V?$allocator@D@2@@std@@V?$allocator@V?$basic_string@DU?$char_traits@D@std@@V?$allocator@D@2@@std@@@2@@std@@QAE@XZ 0043db70 f i SerialPort.obj
 0001:0003cbf0       ?empty@?$list@V?$basic_string@DU?$char_traits@D@std@@V?$allocator@D@2@@std@@V?$allocator@V?$basic_string@DU?$char_traits@D@std@@V?$allocator@D@2@@std@@@2@@std@@QBE_NXZ 0043dbf0 f i SerialPort.obj
 0001:0003cc30       ?push_back@?$list@V?$basic_string@DU?$char_traits@D@std@@V?$allocator@D@2@@std@@V?$allocator@V?$basic_string@DU?$char_traits@D@std@@V?$allocator@D@2@@std@@@2@@std@@QAEXABV?$basic_string@DU?$char_traits@D@std@@V?$allocator@D@2@@2@@Z 0043dc30 f i SerialPort.obj
 0001:0003cc80       ?clear@?$list@V?$basic_string@DU?$char_traits@D@std@@V?$allocator@D@2@@std@@V?$allocator@V?$basic_string@DU?$char_traits@D@std@@V?$allocator@D@2@@std@@@2@@std@@QAEXXZ 0043dc80 f i SerialPort.obj
 0001:0003cce0       ?assign@?$basic_string@DU?$char_traits@D@std@@V?$allocator@D@2@@std@@QAEAAV12@ABV12@@Z 0043dce0 f i SerialPort.obj
 0001:0003cd30       ?assign@?$basic_string@DU?$char_traits@D@std@@V?$allocator@D@2@@std@@QAEAAV12@ABV12@II@Z 0043dd30 f i SerialPort.obj
 0001:0003ceb0       ?copy@?$char_traits@D@std@@SAPADPADPBDI@Z 0043deb0 f i SerialPort.obj
 0001:0003cef0       ?size@?$basic_string@DU?$char_traits@D@std@@V?$allocator@D@2@@std@@QBEIXZ 0043def0 f i SerialPort.obj
 0001:0003cf20       ?assign@?$basic_string@DU?$char_traits@D@std@@V?$allocator@D@2@@std@@QAEAAV12@PBD@Z 0043df20 f i SerialPort.obj
 0001:0003cf70       ?length@?$char_traits@D@std@@SAIPBD@Z 0043df70 f i SerialPort.obj
 0001:0003cfb0       ?_Nullstr@?$basic_string@DU?$char_traits@D@std@@V?$allocator@D@2@@std@@CAPBDXZ 0043dfb0 f i SerialPort.obj
 0001:0003cfe0       ?_Tidy@?$basic_string@DU?$char_traits@D@std@@V?$allocator@D@2@@std@@AAEX_N@Z 0043dfe0 f i SerialPort.obj
 0001:0003d0c0       ?insert@?$list@UserialPortBuffer@@V?$allocator@UserialPortBuffer@@@std@@@std@@QAE?AViterator@12@V312@ABUserialPortBuffer@@@Z 0043e0c0 f i SerialPort.obj
 0001:0003d1a0       ?erase@?$list@UserialPortBuffer@@V?$allocator@UserialPortBuffer@@@std@@@std@@QAE?AViterator@12@V312@0@Z 0043e1a0 f i SerialPort.obj
 0001:0003d210       ?_Buynode@?$list@UserialPortBuffer@@V?$allocator@UserialPortBuffer@@@std@@@std@@IAEPAU_Node@12@PAU312@0@Z 0043e210 f i SerialPort.obj
 0001:0003d2a0       ?_Freenode@?$list@UserialPortBuffer@@V?$allocator@UserialPortBuffer@@@std@@@std@@IAEXPAU_Node@12@@Z 0043e2a0 f i SerialPort.obj
 0001:0003d2e0       ?_Next@_Acc@?$list@UserialPortBuffer@@V?$allocator@UserialPortBuffer@@@std@@@std@@SAAAPAU_Node@23@PAU423@@Z 0043e2e0 f i SerialPort.obj
 0001:0003d310       ?_Prev@_Acc@?$list@UserialPortBuffer@@V?$allocator@UserialPortBuffer@@@std@@@std@@SAAAPAU_Node@23@PAU423@@Z 0043e310 f i SerialPort.obj
 0001:0003d340       ?_Value@_Acc@?$list@UserialPortBuffer@@V?$allocator@UserialPortBuffer@@@std@@@std@@SAAAUserialPortBuffer@@PAU_Node@23@@Z 0043e340 f i SerialPort.obj
 0001:0003d370       ?destroy@?$allocator@UserialPortBuffer@@@std@@QAEXPAUserialPortBuffer@@@Z 0043e370 f i SerialPort.obj
 0001:0003d3b0       ??0const_iterator@?$list@UserialPortBuffer@@V?$allocator@UserialPortBuffer@@@std@@@std@@QAE@XZ 0043e3b0 f i SerialPort.obj
 0001:0003d3e0       ?_Mynode@const_iterator@?$list@UserialPortBuffer@@V?$allocator@UserialPortBuffer@@@std@@@std@@QBEPAU_Node@23@XZ 0043e3e0 f i SerialPort.obj
 0001:0003d410       ??0iterator@?$list@UserialPortBuffer@@V?$allocator@UserialPortBuffer@@@std@@@std@@QAE@PAU_Node@12@@Z 0043e410 f i SerialPort.obj
 0001:0003d450       ??Eiterator@?$list@UserialPortBuffer@@V?$allocator@UserialPortBuffer@@@std@@@std@@QAEAAV012@XZ 0043e450 f i SerialPort.obj
 0001:0003d4a0       ??8iterator@?$list@UserialPortBuffer@@V?$allocator@UserialPortBuffer@@@std@@@std@@QBE_NABV012@@Z 0043e4a0 f i SerialPort.obj
 0001:0003d4e0       ?begin@?$list@V?$basic_string@DU?$char_traits@D@std@@V?$allocator@D@2@@std@@V?$allocator@V?$basic_string@DU?$char_traits@D@std@@V?$allocator@D@2@@std@@@2@@std@@QAE?AViterator@12@XZ 0043e4e0 f i SerialPort.obj
 0001:0003d540       ?begin@?$list@V?$basic_string@DU?$char_traits@D@std@@V?$allocator@D@2@@std@@V?$allocator@V?$basic_string@DU?$char_traits@D@std@@V?$allocator@D@2@@std@@@2@@std@@QBE?AVconst_iterator@12@XZ 0043e540 f i SerialPort.obj
 0001:0003d5a0       ?end@?$list@V?$basic_string@DU?$char_traits@D@std@@V?$allocator@D@2@@std@@V?$allocator@V?$basic_string@DU?$char_traits@D@std@@V?$allocator@D@2@@std@@@2@@std@@QAE?AViterator@12@XZ 0043e5a0 f i SerialPort.obj
 0001:0003d5f0       ??0CSerialPort@itas109@@QAE@ABV01@@Z 0043e5f0 f i SerialPort.obj
 0001:0003d780       ??0?$list@UserialPortBuffer@@V?$allocator@UserialPortBuffer@@@std@@@std@@QAE@ABV01@@Z 0043e780 f i SerialPort.obj
 0001:0003d810       ?begin@?$list@UserialPortBuffer@@V?$allocator@UserialPortBuffer@@@std@@@std@@QBE?AVconst_iterator@12@XZ 0043e810 f i SerialPort.obj
 0001:0003d870       ?end@?$list@UserialPortBuffer@@V?$allocator@UserialPortBuffer@@@std@@@std@@QBE?AVconst_iterator@12@XZ 0043e870 f i SerialPort.obj
 0001:0003d8c0       ?insert@?$list@UserialPortBuffer@@V?$allocator@UserialPortBuffer@@@std@@@std@@QAEXViterator@12@Vconst_iterator@12@1@Z 0043e8c0 f i SerialPort.obj
 0001:0003d930       ??Dconst_iterator@?$list@UserialPortBuffer@@V?$allocator@UserialPortBuffer@@@std@@@std@@QBEABUserialPortBuffer@@XZ 0043e930 f i SerialPort.obj
 0001:0003d970       ??Econst_iterator@?$list@UserialPortBuffer@@V?$allocator@UserialPortBuffer@@@std@@@std@@QAEAAV012@XZ 0043e970 f i SerialPort.obj
 0001:0003d9c0       ??9const_iterator@?$list@UserialPortBuffer@@V?$allocator@UserialPortBuffer@@@std@@@std@@QBE_NABV012@@Z 0043e9c0 f i SerialPort.obj
 0001:0003da10       ?end@?$list@V?$basic_string@DU?$char_traits@D@std@@V?$allocator@D@2@@std@@V?$allocator@V?$basic_string@DU?$char_traits@D@std@@V?$allocator@D@2@@std@@@2@@std@@QBE?AVconst_iterator@12@XZ 0043ea10 f i SerialPort.obj
 0001:0003da60       ?size@?$list@V?$basic_string@DU?$char_traits@D@std@@V?$allocator@D@2@@std@@V?$allocator@V?$basic_string@DU?$char_traits@D@std@@V?$allocator@D@2@@std@@@2@@std@@QBEIXZ 0043ea60 f i SerialPort.obj
 0001:0003da90       ?insert@?$list@V?$basic_string@DU?$char_traits@D@std@@V?$allocator@D@2@@std@@V?$allocator@V?$basic_string@DU?$char_traits@D@std@@V?$allocator@D@2@@std@@@2@@std@@QAE?AViterator@12@V312@ABV?$basic_string@DU?$char_traits@D@std@@V?$allocator@D@2@@2@@Z 0043ea90 f i SerialPort.obj
 0001:0003db70       ??4CSerialPort@itas109@@QAEAAV01@ABV01@@Z 0043eb70 f i SerialPort.obj
 0001:0003dd10       ??4?$list@UserialPortBuffer@@V?$allocator@UserialPortBuffer@@@std@@@std@@QAEAAV01@ABV01@@Z 0043ed10 f i SerialPort.obj
 0001:0003de20       ?insert@?$list@V?$basic_string@DU?$char_traits@D@std@@V?$allocator@D@2@@std@@V?$allocator@V?$basic_string@DU?$char_traits@D@std@@V?$allocator@D@2@@std@@@2@@std@@QAEXViterator@12@Vconst_iterator@12@1@Z 0043ee20 f i SerialPort.obj
 0001:0003de90       ?erase@?$list@V?$basic_string@DU?$char_traits@D@std@@V?$allocator@D@2@@std@@V?$allocator@V?$basic_string@DU?$char_traits@D@std@@V?$allocator@D@2@@std@@@2@@std@@QAE?AViterator@12@V312@0@Z 0043ee90 f i SerialPort.obj
 0001:0003df00       ?_Buynode@?$list@V?$basic_string@DU?$char_traits@D@std@@V?$allocator@D@2@@std@@V?$allocator@V?$basic_string@DU?$char_traits@D@std@@V?$allocator@D@2@@std@@@2@@std@@IAEPAU_Node@12@PAU312@0@Z 0043ef00 f i SerialPort.obj
 0001:0003df90       ?_Freenode@?$list@V?$basic_string@DU?$char_traits@D@std@@V?$allocator@D@2@@std@@V?$allocator@V?$basic_string@DU?$char_traits@D@std@@V?$allocator@D@2@@std@@@2@@std@@IAEXPAU_Node@12@@Z 0043ef90 f i SerialPort.obj
 0001:0003dfd0       ??_GCSerialPort@itas109@@UAEPAXI@Z 0043efd0 f i SerialPort.obj
 0001:0003e030       ?assign@?$basic_string@DU?$char_traits@D@std@@V?$allocator@D@2@@std@@QAEAAV12@PBDI@Z 0043f030 f i SerialPort.obj
 0001:0003e0a0       ??_ECSerialPort@itas109@@UAEPAXI@Z 0043f0a0 f i SerialPort.obj
 0001:0003e140       ?erase@?$basic_string@DU?$char_traits@D@std@@V?$allocator@D@2@@std@@QAEAAV12@II@Z 0043f140 f i SerialPort.obj
 0001:0003e210       ?move@?$char_traits@D@std@@SAPADPADPBDI@Z 0043f210 f i SerialPort.obj
 0001:0003e250       ??4CSerialPortInfo@itas109@@QAEAAV01@ABV01@@Z 0043f250 f i SerialPort.obj
 0001:0003e290       ?capacity@?$basic_string@DU?$char_traits@D@std@@V?$allocator@D@2@@std@@QBEIXZ 0043f290 f i SerialPort.obj
 0001:0003e2c0       ?_Eos@?$basic_string@DU?$char_traits@D@std@@V?$allocator@D@2@@std@@AAEXI@Z 0043f2c0 f i SerialPort.obj
 0001:0003e320       ?assign@?$char_traits@D@std@@SAXAADABD@Z 0043f320 f i SerialPort.obj
 0001:0003e350       ?_Grow@?$basic_string@DU?$char_traits@D@std@@V?$allocator@D@2@@std@@AAE_NI_N@Z 0043f350 f i SerialPort.obj
 0001:0003e4b0       ?_Refcnt@?$basic_string@DU?$char_traits@D@std@@V?$allocator@D@2@@std@@AAEAAEPBD@Z 0043f4b0 f i SerialPort.obj
 0001:0003e4e0       ?deallocate@?$allocator@D@std@@QAEXPAXI@Z 0043f4e0 f i SerialPort.obj
 0001:0003e520       ?_Charalloc@?$allocator@UserialPortBuffer@@@std@@QAEPADI@Z 0043f520 f i SerialPort.obj
 0001:0003e560       ?deallocate@?$allocator@UserialPortBuffer@@@std@@QAEXPAXI@Z 0043f560 f i SerialPort.obj
 0001:0003e5a0       ?construct@?$allocator@UserialPortBuffer@@@std@@QAEXPAUserialPortBuffer@@ABU3@@Z 0043f5a0 f i SerialPort.obj
 0001:0003e5e0       ??0const_iterator@?$list@UserialPortBuffer@@V?$allocator@UserialPortBuffer@@@std@@@std@@QAE@PAU_Node@12@@Z 0043f5e0 f i SerialPort.obj
 0001:0003e620       ??8const_iterator@?$list@UserialPortBuffer@@V?$allocator@UserialPortBuffer@@@std@@@std@@QBE_NABV012@@Z 0043f620 f i SerialPort.obj
 0001:0003e660       ?erase@?$list@V?$basic_string@DU?$char_traits@D@std@@V?$allocator@D@2@@std@@V?$allocator@V?$basic_string@DU?$char_traits@D@std@@V?$allocator@D@2@@std@@@2@@std@@QAE?AViterator@12@V312@@Z 0043f660 f i SerialPort.obj
 0001:0003e740       ?_Next@_Acc@?$list@V?$basic_string@DU?$char_traits@D@std@@V?$allocator@D@2@@std@@V?$allocator@V?$basic_string@DU?$char_traits@D@std@@V?$allocator@D@2@@std@@@2@@std@@SAAAPAU_Node@23@PAU423@@Z 0043f740 f i SerialPort.obj
 0001:0003e770       ?_Prev@_Acc@?$list@V?$basic_string@DU?$char_traits@D@std@@V?$allocator@D@2@@std@@V?$allocator@V?$basic_string@DU?$char_traits@D@std@@V?$allocator@D@2@@std@@@2@@std@@SAAAPAU_Node@23@PAU423@@Z 0043f770 f i SerialPort.obj
 0001:0003e7a0       ?_Value@_Acc@?$list@V?$basic_string@DU?$char_traits@D@std@@V?$allocator@D@2@@std@@V?$allocator@V?$basic_string@DU?$char_traits@D@std@@V?$allocator@D@2@@std@@@2@@std@@SAAAV?$basic_string@DU?$char_traits@D@std@@V?$allocator@D@2@@3@PAU_Node@23@@Z 0043f7a0 f i SerialPort.obj
 0001:0003e7d0       ?_Charalloc@?$allocator@V?$basic_string@DU?$char_traits@D@std@@V?$allocator@D@2@@std@@@std@@QAEPADI@Z 0043f7d0 f i SerialPort.obj
 0001:0003e810       ?deallocate@?$allocator@V?$basic_string@DU?$char_traits@D@std@@V?$allocator@D@2@@std@@@std@@QAEXPAXI@Z 0043f810 f i SerialPort.obj
 0001:0003e850       ?construct@?$allocator@V?$basic_string@DU?$char_traits@D@std@@V?$allocator@D@2@@std@@@std@@QAEXPAV?$basic_string@DU?$char_traits@D@std@@V?$allocator@D@2@@2@ABV32@@Z 0043f850 f i SerialPort.obj
 0001:0003e890       ??0const_iterator@?$list@V?$basic_string@DU?$char_traits@D@std@@V?$allocator@D@2@@std@@V?$allocator@V?$basic_string@DU?$char_traits@D@std@@V?$allocator@D@2@@std@@@2@@std@@QAE@PAU_Node@12@@Z 0043f890 f i SerialPort.obj
 0001:0003e8d0       ??Dconst_iterator@?$list@V?$basic_string@DU?$char_traits@D@std@@V?$allocator@D@2@@std@@V?$allocator@V?$basic_string@DU?$char_traits@D@std@@V?$allocator@D@2@@std@@@2@@std@@QBEABV?$basic_string@DU?$char_traits@D@std@@V?$allocator@D@2@@2@XZ 0043f8d0 f i SerialPort.obj
 0001:0003e910       ??Econst_iterator@?$list@V?$basic_string@DU?$char_traits@D@std@@V?$allocator@D@2@@std@@V?$allocator@V?$basic_string@DU?$char_traits@D@std@@V?$allocator@D@2@@std@@@2@@std@@QAEAAV012@XZ 0043f910 f i SerialPort.obj
 0001:0003e960       ??9const_iterator@?$list@V?$basic_string@DU?$char_traits@D@std@@V?$allocator@D@2@@std@@V?$allocator@V?$basic_string@DU?$char_traits@D@std@@V?$allocator@D@2@@std@@@2@@std@@QBE_NABV012@@Z 0043f960 f i SerialPort.obj
 0001:0003e9b0       ?_Mynode@const_iterator@?$list@V?$basic_string@DU?$char_traits@D@std@@V?$allocator@D@2@@std@@V?$allocator@V?$basic_string@DU?$char_traits@D@std@@V?$allocator@D@2@@std@@@2@@std@@QBEPAU_Node@23@XZ 0043f9b0 f i SerialPort.obj
 0001:0003e9e0       ??0iterator@?$list@V?$basic_string@DU?$char_traits@D@std@@V?$allocator@D@2@@std@@V?$allocator@V?$basic_string@DU?$char_traits@D@std@@V?$allocator@D@2@@std@@@2@@std@@QAE@PAU_Node@12@@Z 0043f9e0 f i SerialPort.obj
 0001:0003ea20       ??Eiterator@?$list@V?$basic_string@DU?$char_traits@D@std@@V?$allocator@D@2@@std@@V?$allocator@V?$basic_string@DU?$char_traits@D@std@@V?$allocator@D@2@@std@@@2@@std@@QAE?AV012@H@Z 0043fa20 f i SerialPort.obj
 0001:0003ea70       ??9iterator@?$list@V?$basic_string@DU?$char_traits@D@std@@V?$allocator@D@2@@std@@V?$allocator@V?$basic_string@DU?$char_traits@D@std@@V?$allocator@D@2@@std@@@2@@std@@QBE_NABV012@@Z 0043fa70 f i SerialPort.obj
 0001:0003eac0       ?max_size@?$basic_string@DU?$char_traits@D@std@@V?$allocator@D@2@@std@@QBEIXZ 0043fac0 f i SerialPort.obj
[...]
FIXUPS: 465db 14 2c 1b 17 27 16 16 14 c 1d 16 15 17a0 a fffff11c 28 19f
FIXUPS: 471b5 57 14 32 64 140 2a 34 35 6b 12 29 43 5a 3d 33 3c 38 1c 1a
FIXUPS: 476fe 17 fffff895 ffffff54 fffffee1 e f 1115 7e c8 33 49 fffff766
FIXUPS: 47944 2a 18 38 16 2b 14 2e 18 18 7a 63 34 47 1e d 2f 15 11 1d 21
FIXUPS: 47c9b 26 19d 18 19 392 24 cb 67 133 18 21 34 30 a8 e2 d5 ce b9
FIXUPS: 4895e 1e 2a 1b 131 25 123 1e 30 75 32 22 26 14 170 55 53 ffffef4d
FIXUPS: 499f5 f3 12 24 f 1f 12 1e 26 f 1c 12 21 d a 13 16 13 28 14 15 14
FIXUPS: 49cbf 17 6b 20 fffff300 35 18 a6 10 fffff089 f9e 32 92 3f 6a 15
FIXUPS: 4933e 51 ba 3c 27 37 a 3f 25 b2 65 ce 36 12 38 4c 31 16 f 17 37
FIXUPS: 498bf 92 18 20 62 1097 1d8 1ac 2b 33 1b6 f4 27 36 44 c 10 16 c
FIXUPS: 4a47c 3d 49 132 31 fffffdb3 1f 7 10 fffffe9c 5e 7 fffffead fffffc8f
FIXUPS: 49ec3 78 fffffeb4 22 282a 25 15 3b 5b 52 6c c7 53 66 53 25 23 ffffe9b6
FIXUPS: 4b55d 17 fffff167 1d 53 1d 2b 2c c 3a e 11 2f 44 c 3e e 11 4875
FIXUPS: 4dc0f fffffc37 2a 2a 227 fffff9f7 13 dd 23f fffffaf9 82 2a fffffe95
FIXUPS: 4d27a fffffed3 3a ffffff09 1b c 10 29 2a fffffec1 45 fffffd3d a
FIXUPS: 4c456 4b 15d 19 18 20c7 23 10 70 24 5a 46 2f c1 24 e5 39 76 4a
FIXUPS: 4eb8c 76 6c 62 20 77 27 70 46 31 35 44 35 1c 147 8a 32 24 5b2 10
FIXUPS: 4f766 54 4b 28 fffffadd 2a3 ffffe709 2d 47 4a 9 19 a4 1aa 1d 118
FIXUPS: 4e2f7 32 97 1f 58 a8 28 33 43 64 46 41 12 2f 1895 31 30 18 3f c
FIXUPS: 50015 70 10 5c 62 37 1b 40 14 59 14 3f 6b fffffaa5 2f 80 36 fffffda5
FIXUPS: 4fc69 29 3b 51 fffffe63 fffffd83 1ae fffffb5e 4029 fffffbc0 b6
FIXUPS: 5332e 24 62 38 61 18 28 ffffd0c6 23 3c 6ef 192 19 de0 7e5 236 11a
FIXUPS: 527ff a3 102 119 ffffd958 1b 64 fffffebb 19 38 1d fffffb6a 4d0c
FIXUPS: 54c8d fffffa21 18 11b 21 4b 5d 17 b5 fffff92e 182 35 fffffd2b a
FIXUPS: 5419a fffffd1b 98 f6 fffff628 23 5 111 43 107 4a 12 5 25e 35 35
FIXUPS: 53dff 1c14 14 13 14 1a 19 fffffcd3 4a 94 2b fffff903 56 1e 13 22
FIXUPS: 55010 36 28 1f 29 26 17 12 1c fffffcda ffffff70 d 11 2f 25 fffffdfa
FIXUPS: 54c27 193f 3a 10 13 16 26 1e 41 93 20 68 82 10 30 10 30 10 fffff74a
FIXUPS: 5607c fffffa75 21 21 24 2a 23 fffffd00 1c 77 3a 59 15 17 1a31 34
FIXUPS: 57161 72 13 24 17 fffffda9 14 ffffff70 2b fffffd4d 2a 44 4b fffffe4d
FIXUPS: 56bf6 44 4b ffffff11 fffffe19 29 ffffffa0 17 fffff815 41 8c 14
FIXUPS: 564f4 19 1c 13 1e7b 50 4d 65 60 fffffb20 fffffadb 2a0 5a 34 37
FIXUPS: 57ed9 21 20 1d 11 15 15 fffffabc 37 fffffc5f 2bf 2d 2f fffffaff
FIXUPS: 57507 19 2c fffffd2e 85 69 33 25da 238 13 fffff1f7 21 35 35 13a
FIXUPS: 58f88 10 c 27 6c fffffc80 1d fffffe7b fffffb63 48 141 52 35 140
FIXUPS: 5857e 5f fffffbaa 4d 40 40 43 4d 40 43 1ee2 73 1c 1f 49 11 71 5f
FIXUPS: 5a43e c 47 fffffd4f 43 ffffff4b fffffba4 43 33 24 bd 2d 9b 32 43
FIXUPS: 59fb2 10 c fffff35c 14d eb 1c8 8c 152 22e7 fffff8c7 fffffaae 45
FIXUPS: 5afd2 3a 40 3e 33 4b 59 5a c 19 42 3c a7 19 28 c 21 fffff822 19
FIXUPS: 5ac87 13f 9e fffff9e4 70 4f 1df fffffa1f a7 fffa75db b b 10 fffff482
FIXUPS: 1048 3f b8 d3 bd 85 45 30 ba 13 5a9bb 1a 13 28 30 30 fffffd65 13
FIXUPS: 5bca9 c 2a 50 c 2b 3d c 3a fffa5918 31 39 c 38 ca 2a 44 7 12 2b
FIXUPS: 1942 f 12 1a 5a64a c c b fffa5a37 d 4e 15 1c 25 21 5a501 b fffa5b28
FIXUPS: 1b41 30 b fffffa57 a a a a a a a a a 7 7 7 7 7 7 5 7 7 7 7 7 7
FIXUPS: 168d 7 7 7 7 7 f 15 19 34f84 19 15 48 25 d ef 19e 7c 89 22 35 13
FIXUPS: 36b4b 13 120 12 12 12 12 12 12 12 12 12 12 12 17 a d fffca80c 4b
FIXUPS: 34f20 34 42 39 21 1f e 1c 49 93 30 2d 4a 2a 13 2d 75 30 13e d 3b
FIXUPS: 3545e 44 d 43 d 3d 15 a2 10 ab7 1b8 ffffd711 7 7 7 d 226 4d 1e
FIXUPS: 33d41 a1 17 55 13e 27 184 3b 100 3b 54 22 368 9d 3a8 10 19b 1e
FIXUPS: 34cc5 16 11c 1c 3f 10 ffffe768 10 46 18 18 17 18 18 17 28 41 1f
FIXUPS: 3374f 10 43 28 1a 1e 13 2c 15 16 10 1e a d 21 10 85 7 7 7 fffff56f
FIXUPS: 32f00 10 3d 5c 17 17 b8 ae af 85 50 1f 31 27 c9 16 3c 14 14 19
FIXUPS: 334a1 43 19 1c 16 16 16 16 16 26 a fffff2d2 40 1a 3a 10 121 2e
FIXUPS: 32a9f 26 9 3c 296bb c fffd699f 26 13 46 4f ac 9 43 30 80 13 30
FIXUPS: 32e37 e 29 9 13 45 e fffff120 12 1f 1f 1f f2 c4 f5 31 1f 31 2a
FIXUPS: 32431 67 3a 30 2f 1e 1d 24 b 86 24 35 c0 4a 2f 2e 1a 19 35 1a ffffef8a
FIXUPS: 317fb 15 10 3b b0 a7 9c 72 a7 4b 1f 31 27 a5 45 46 1e 3d 42 43
FIXUPS: 31e45 26 20 24 29 21 30 e 66 9 13 fffff42a 1b 16 13 25 13 35 ab
FIXUPS: 31558 17 7 7 7 7 1f 48 2a 3b 1d 1c 31 e e 19 13 30 e e 29 9 13
FIXUPS: 317df fffff8c3 7 4b 7 10 7 18 21 d 10 3e d 10 10 a 4a d 30 10 a
FIXUPS: 312a9 51 7 7 d 40 22 1b 21 18 a 7 fffff6ba c 10 46 b4 65 d 10 10
FIXUPS: 30c9b 4a 20 4c 27 13 48 7 7 c 2f 2a 3c 1f 16 19 43 10 49 af 23
FIXUPS: 3108b 7 fffff7c2 a 7 38 34 b b b b b e e e e e 2c e e 10 2b b b
FIXUPS: 309f2 b b e e e e e 2c e fffff878 59 d 34 a 10 31 3d c 23 24 7
FIXUPS: 30485 16 2b 2c 16 2f 16 e4 19 3d 10 3c a6 10 44 d 10 10 a 40 fffff5ec
FIXUPS: 2fea4 13 22 46 1f 36 b b b b e e e e e e e e 2c e e e e 14 10 4a
FIXUPS: 3020f 1f 5c 1e 2b fffff34e 47 18 4c 24 2ca87 c d c fffd35c9 27
FIXUPS: 2f7a3 2ca04 b fffd362b 1fc a5 2f 35 1d 27 2f 14 18 1a 12c 13 f
FIXUPS: 2fcfe 15 15 93 fffff37c 3d 5e 2cf53 c fffd30ee 22 3c 19 c 3b 16
FIXUPS: 2f308 27 37 29 50 40 28 f 73 2cc7e c b fffd33c1 28 11 2c 32 49
FIXUPS: 2f605 f fffff317 37 1d 2d756 b fffd2903 9 11 e 37 1d 2d6a6 b fffd29c8
FIXUPS: 2eaf6 1b 3c 10 df 19 5e 2c 15 1d 75 10 2da 15 4a e e 23 fffff1df
FIXUPS: 2e300 3d 13 3d 13 3d 13 3d 13 48 13 4a 27 49 28 48 35 4b 43 4d
FIXUPS: 2e6f3 2b 53 1e 2b 51 1e 2e ac 9 11 fffff419 31 31 29 13 13 7b 1d
FIXUPS: 2de94 72 31 20 15 13 55 1a 88 1a 3f c 1a 17 17 1c 4b 15 1a 58 3c
FIXUPS: 2e260 3d 13 fffff457 10 52 d 10 5b d 10 6e d 10 75 f 10 68 34 34
FIXUPS: 2d9fa 10 ac 15 14 10 57 29 19 6e 21 1d 15 77 31 fffff5d1 17 2edcb
FIXUPS: 5c0af fffd1286 16 6f 40 c 2f 11 1d 10 32 13 23 43 c 1a 22 10 28
FIXUPS: 2d5c3 d 1f 46 d 10 43 d 10 48 fffff643 9 1e 34 51 1f 1d 41 27 2a
FIXUPS: 2cec0 14 29 7a 21 2e 58 9e 33 34 1b 20 1d 1b 1a 1b 1b 1a 16 5a
FIXUPS: 2d29b 18 fffff63a 7 d 62 7 7 7 7 d 47 13 7f 15 7 7 7 7 7 1d 42
FIXUPS: 2cb0f 3d 13 3d 13 3d 13 4b 13 4d 13 34 fffff8e5 7 7 7 7 7 7 15
FIXUPS: 2c66d c 7 7 7 d 63 12 5f 12 54 7 7 d 79 7 7 7 7 7 45 7 7 7 fffff651
FIXUPS: 2bf4a 53 25 32 21 e 1d 48 4b 11 10 59 2a 76 10 67 3a 3e 13 3d 13
FIXUPS: 2c37c 13 3d 13 4b 13 4d 13 49 13 ffffef9e 13 42 19 3b 73 27 13
FIXUPS: 2b602 1d 2a 2e 2d 20 11f 9b 64 5e 26 23 3c 100 f2 1b3 40 5a 25
FIXUPS: 2bea4 30 15 e 1a fffff0de a 35 6 46 30 a 45 30 a 36 2a 37 c 20
FIXUPS: 2b215 1f 13 29 1c 31 18 32 1c 2a 18 32 1c 2a 20 10 75 fffff38b
FIXUPS: 2a832 16 d a 38 55 19 1c 26 10 a 7 d 2e 19 38 3a 18 18 e e e 10
FIXUPS: 2aaf0 33 d 144 27 d 15c 1c4 fffff1ba b8 2a 25 a 7 32 f0 36 2e 23
FIXUPS: 2a45f 25 36 28 3d 1c 24 28 a 7 38 c5 1d 29 41 4b 1e 24 28 a 7 fffff3f8
FIXUPS: 29be7 a 22 3c 14 8 37 1f 43 25 23 f 12 25 12 18 2f 1f 3a e e e
FIXUPS: 29e7c 16 10 e4 128 22 65 10 24 fffff399 a 25 2b 2a 5d 72 10 a2
FIXUPS: 2971a 13 35 1b 33 a 30 16 22 40 a d a 7 28 2b 32 10 6f ad 56 7
FIXUPS: 29bd0 fffff424 22 30 12 12 3c f d 47 9 d 8b 56 7 1e 42 b3 d 5b
FIXUPS: 29390 e e e e e e e e 10 54 27 16 fffff38c 16 31 16 1c c3 19 31
FIXUPS: 289ea 10 31 10 1c 4e 38 58 61 ff 4c 59 38 10 57 2b 28 33 d 27 7
FIXUPS: 28ec7 13 b7 fffff353 27 10 c7 1b 13 7 32 16 22 19 27 25 4f 30 7
FIXUPS: 2857f 7 36 16 2f d 19 d 25 b7 19 30 3b 16 37 16 fffff21f 30 16
FIXUPS: 27a8c 58 a d a 7 32 32 a 32 16 2d 13 16 3b 44 a d a 7 28 2b 2a
FIXUPS: 27d70 430 5b 77 45 1e fffff2c0 33 a 32 16 2d 13 16 3b 19 28 2a
FIXUPS: 27741 34 39 22 27 7 32 27 7 2f 16 2a 16 2d 20 32 30 16 32 32 fffff0fa
FIXUPS: 26b12 d 247 13 9 c 20 1d a ce 63 4c d0 11 16 10 2d2 22 27 7 32
FIXUPS: 273d3 7 39 1d 2f 4c 33 a 4a 30 fffff394 e e e e e e e e e e e e
FIXUPS: 269ac e e e e e e e e e e e e e e 14 14 1c 10 fffffc14 e e e e
FIXUPS: 26724 14 1d c 10 51 e e e e e e e e e e e e e e e e e e e e e fffffc30
FIXUPS: 26526 e e e e e e e e e e e e e e e e e e e e e e e e e e e e e
FIXUPS: 266ca fffffc1e e e e e e e e e e e e e 14 14 29 a c 10 5b e e e
FIXUPS: 2649a e e e e e e e e fffffc1e e e e e e e e e e e e e e e e e
FIXUPS: 26216 e e e e e e e e e e e e e e fffffa86 d 4f d 15 d a 32 21
FIXUPS: 25e4f 3c 7 d a 16 5f 7 13 21 1e 7 d 15 d a 42 99 50 e e e e fffff53c
FIXUPS: 25695 10 2dc 96 b b b b b e e e e 2c 72 10 36 4a 5f 36 7 16 38
FIXUPS: 25ca5 28 7 f 10 40 d 19 fffff5ba 7 39 a 7 1c 19 2c 13 13 b 6c 18
FIXUPS: 25492 15 16 16 14 30 a 29 a d a 1c 16 17 16 17 16 17 16 fffff815
FIXUPS: 24e5f 7 7 27 19 18 e 2b 1e 2e 7 c 15 15 15 15 18 17 4c 27 27 1c
FIXUPS: 250ea de 6a 14 10 4d 16 10 10 fffff6b6 24 2d 2d 37 1a 19 c 98 c
FIXUPS: 24b6c 42 42 7 3a 10 1e a 1a 2e 1d 1d c 30 1d 1d c 30 1d 1d c 30
FIXUPS: 23f81 d1 3d 69 4a 25 7 33 28 7 ea 2f 59 c 29 c 1c 1c 5b 1c 1d 16
FIXUPS: 24494 25 7 35 a 16 7 68 f 50 ffffeba4 e e e e e 15 3f0 595 10 3c
FIXUPS: 23bc3 26 23 23 27 2d 30 2d 2d 30 2d 2d 30 25 69 33 67 4d c 15 15
FIXUPS: 22fc7 e e e e e e e e e e e e e e e e e e e e e e e e e e e e e
FIXUPS: 2316b e fffff4a3 41 10 47 3c 41 10 47 3f e e e e e e e e 20 10
FIXUPS: 22905 6b d 5a 44 18 43 415 73 7 1c 90 b ffffe80f 51 23 24 8 d 72
FIXUPS: 21934 4a 4a 4a 4d 22 40 10 73 37 1af 9b 28 5e af 2c 1e2 1f aa 1c
FIXUPS: 22219 5d 5e 2de 1f ffffecef 12 7 20 1a 22 30 2a 10 37 12 7 22 68
FIXUPS: 214a8 f 3a 2f f 3a 32 f 1b 21 44 13 13 13 72 66 67 8 fffff657 2e
FIXUPS: 20e39 19 43 4c 34 1c 25 12 6e a d 3e 10 3d 37 43 38 1b 24 7 7 2a
FIXUPS: 211b1 36 8 17 1f 2d 26 10 fffff499 38 1b 1f 16 d 16 10 45 2e a
FIXUPS: 20872 4b 67 4d 34 25 28 10 2f 19 45 19 41 b1 bc 81 33 31 d 3b d
FIXUPS: 1fc83 224 38 1c 30 2c 7 7 5c 62 8 50 13 41 20 1a 27 1c 10 43 113
FIXUPS: 203ce 10e a5 75 38 31 29 18 10 33 26 ffffef35 b8 3b 31 2c 20 27
FIXUPS: 1f7df 10 34 d 71 2e a 19 43 ec d 51 6a 1e 31 47 31 a 25 26 10 13
FIXUPS: 1fc3b 16 22 fffff3f3 7 7 7 7 7 7 d 34 e e e 19 6b e e e 88 17 17
FIXUPS: 1f271 1f 1c 12 1b 1b 19 42 32 b7 c8 bd fffff518 10 6d b9 d0 34
FIXUPS: 1ed70 26 f 26 f 1d 12 27 10 19 f 1f 52 2e 10 10 8c 74 7 7 7 7 7
FIXUPS: 1f051 7 7 fffff304 e e e e e e e e e e e e e 71 73 d 4e 41 2b 24
FIXUPS: 1e6e7 1b 5f d 44 22c 43 7 16 80 a fffff524 27 2f 1d 10 50 25 13
FIXUPS: 1e10a 29 16 30 16 16 25 37 e e e e e e e e e e e e e e 19 77 fffff7c2
FIXUPS: 1db59 a4 f 12 25 19 10 23 10 10 42 2e a 19 4b 10 60 21 d 47 2c
FIXUPS: 1deb8 1e 15 21 13 28 1a 1e 17 2b fffff35c e e 19 73 e e e e 5c
FIXUPS: 1d47d 19 a 13 11 16 12 20 43 17 12 35 78 d1 e7 d8 8c 8e 38 31 27
FIXUPS: 1db01 fffff0c2 18 10 42 c3 c6 80 63 38 31 c3 16 4e 2b 26 d 4a 13
FIXUPS: 1d0fd 22 85 1c 19 21 10 42 26 36 18 10 31 e fffff3d1 56 28 2a 8c
FIXUPS: 1c840 11 55 67 7f 10 8 10 10 14 1c 12 1a 3f667 b fffc09bf e e 19
FIXUPS: 1cabf e e 20 12 31 10 4f fffff198 7e 51 38 31 2a 15 10 3d 13 19
FIXUPS: 1bfcb 58 137 87 12 3a 18 34 13 19 19 b4 175 77 36 12 16 2e 70 34
FIXUPS: 1c6c8 ffffefe1 30 1f 2d 59 28 c 2f 69 5a 15 30 3b 30 65 24 20 4064a
FIXUPS: 5c054 e e c fffbf99d 4f 10 9a 12 1f 44 9 cd ca fffff45c 22 2f 22
FIXUPS: 1b238 46 40d97 b b c fffbf2af 47 47 47 47 47 29 2f 13 13 3a 13
FIXUPS: 1b527 3a 13 13 57 14 2a c d 55 fffff557 7 7 7 7 7 7 7 10 60 29
FIXUPS: 1acdf 33 16 85 7d 7f 3f 36 29 28 29 10 29 e 5a 61 e 32 47 1e b
FIXUPS: 1a786 17 18 16 15 25 9b 1c 36 1a 17 18 2b 37 58 53 20 5b 34 1f
FIXUPS: 1ab1d 7 7 7 7 7 7 7 38 1f 25 10 fffff6bf 38 b8 10 13 16 13 27 2b
FIXUPS: 1a452 13 16 13 18 24 1f 1f 10 16 17 3a 1b 1e 24 1f 1f 65 47 2c
FIXUPS: 1a70f 47 18 fffff3a2 15 10 1d 1d 42 4b e 12 1b4 3b 10 16 2d 1b7
FIXUPS: 1a053 10 16 10 1d 32 45 2b 2a 10 13 18 10 13 44 16 36 ffffee79
FIXUPS: 19164 10 31 e e e 44 33 2f 10 74 32 9 43 2e 78 1f 1b 19 21 177
FIXUPS: 197a0 d5 33 19e 2d 11 2c 10 16 29 ffffeeeb 122 45 22 46 1e 1a 10
FIXUPS: 18cab 7 7 7 7 7 7 7 7 7 7 d 64 29 54 34 33 3d 32 31 3d 80 27 85
FIXUPS: 18345 1f 1a 18 17 18 18 75 e4 18 30 15 2b a5 1c 22 3b 2f 1a 1e
FIXUPS: 18756 2f 1a 1e 17 33 2c 33 d a0 17 a9 fffff3bb 13 2c 19 22 19 18
FIXUPS: 17e68 40 43 22 35 38 38 36 30 39 39 bf 10 55 19 2a 1f 16 13 16
FIXUPS: 18273 22 16 10 4b ffffe6a5 1f 12 2d 155 168 154 c1 15c 45 38 31
FIXUPS: 1710f 3f d 3f 41 163 157 15f 169 154 c0 15d 45 38 31 2a 151 16
FIXUPS: 17d4d 2c ffffe4f4 1c 38 17 24 28 2b 2a 2e 2f 33 35 10 14 10 28f
FIXUPS: 1670f e 19 33 e e d6 1f 1f 1f 1f 1f 3f 19 11 10 fffff3fc 19 f 72
FIXUPS: 15e14 42 26 5c 23 f 34 3b 2e 22 4e 19 2f 7 31 7 41 38 f 16 19 f
FIXUPS: 16174 3c 17 26 43 17 ffffeb6a 21 19 3e 20 61 32 1f ac a7 66 d c8
FIXUPS: 151c5 3d 39 233 53 2c 14 1b 1f1 99 61 da 35 89 19 2b 2b 1fe d1
FIXUPS: 149d8 4c 2c 11 10 da a d 34 39 10 44 10 2e e e e e e e e e 21 19
FIXUPS: 14d41 e e e e e e e ffffe9d9 7 26 22 7 52 2c 50 2f f 13 16 f 4a
FIXUPS: 13968 e 33 16 629 6 13 57 71 17c 128 ab 3cb 18 18 22 5c 112 ffffe79b
FIXUPS: 13159 d 3d 1b 1b d 13 25 38 20 7 24 2e 27 7 26 f 29 a1 123 d e7
FIXUPS: 13620 19 25 b b 14 8d 22 19 fffff201 32 30 60 47 28 47 47 2b 28
FIXUPS: 12b91 5a 2e 2e 41 8f 1c 1c 1c 1c 73 57 18 10 5c 26 31 33 22 12b
FIXUPS: 130e3 40 fffff5bb e e e e e e e e e e e e e e e e e e e e e e e
FIXUPS: 1282e e 16 1c 10 10 1b 63 fffffbd4 e e e e e e e e e e e e e e
FIXUPS: 125b2 e e e 16 19 39 e e e e e e e e e e fffff9c6 1a 1b 1b 1a 1b
FIXUPS: 12136 22 10e 46 46 46 46 33 33 e e e e e e e e e e e e e e e e
FIXUPS: 124d2 fffff800 3e 18 1b 1a 1b 1b 1a 1b 1b 1f 3e 18 1b 1a 1b 1b
FIXUPS: 11edd 1b 1b 1a 1b 1b 1f 41 18 1b 1a 1b 1b 1a 1b fffff11f d 15e
FIXUPS: 113ab a3 93 81 3b 10 16f d 225 18 10 31 d 47 4f 5d 19 64 3a 42
FIXUPS: 11bb8 1b 1f 3e 18 1b 1a 1b 1b ffffe143 44 25 43 1f 18 e 35 285
FIXUPS: 101b0 c1 f 26e f 78 f 60 16 2cf 2f e9 11 10 42 1a 5f 1e 10 1ed
FIXUPS: 10d31 88 d ffffe538 20d 9e 86 102 17 19 41 18 4b 43 a8 47 c 3c
FIXUPS: f998 12 99 9 54 c 22 233 e e e 10 3c e e e 17 ffffd4da d a 33 25d
FIXUPS: d59d 94 275 13 43e 11f 13 32 171 6d 6e 72 6e 50 91 140 13 237 b1
FIXUPS: e7d2 d6 2f 10 30 10 30 10 ffffe616 22 1a 10 39 7 13 d 21 43 7 7
FIXUPS: d0a2 13 10 2f a 7 10 2f a 7 10 16 23 1b 2b 2b 1e d a 30 fffff844
FIXUPS: cb4f 1a 2c 82 12 80 b 2c 2f 2b 32 6 24 43 7 d a 13 10 36 a 7 10
FIXUPS: cea0 a 10 3b 14 28 17 13 ffffe2fb b6 18d 2d b1 67a 7c d0 7e 388
FIXUPS: c1bf 4d 1e 1e d 3e a1 ee 9e 19 71 fc 193 34 96 16 34 93 a7 10 30
FIXUPS: ca77 ffffd858 66 19 25 4b 57 5d 5e 226 13 83 2b d2 32 1a5 19 29
FIXUPS: aab5 19 1c 48 10b 1c 32 af af 32 af 1f 32 8f 27f ffffe6a3 1c 62
FIXUPS: 9969 69 1f 31 ff 31 15f f1 8 10 40 10 24 1d 9 17 15 ba 1e 16 138
FIXUPS: a0ec 26 2d a 7 7 20 76 ffffedb4 11 1f 44 7 34 a 7 1c 35 b b b 1d
FIXUPS: 9379 32 22 35 30 b b b 1d 18d 32 22 35 2c 129 3f 4e 1f fffff03a
FIXUPS: 894e 72 77 52 1f bb 21 b 2f 2f 26 c3 9b 39 18 f f 11 27 10 a d
FIXUPS: 8e74 36 1b a d 2f 46 21 e fffff3aa 16 16 e 9c 37 d 22 26 1e b 24
FIXUPS: 84fd 41 43 25 26 1b 27 b 20 23 3b d 22 2d 1a 43 61 7 1f 5d fffff190
FIXUPS: 7a45 31 232 1f b0 1c 2f a5 11d 2e 59 13 13 13 13 13 e 7c 49 1f
FIXUPS: 8199 15 16 16 16 16 e a4 31 15 16 ffffe7e3 38 5a b6 1f 96 1f 34
FIXUPS: 6ee4 33 a5 1db a5 c1 1f 184 1c 61 1c 3e 13 5a 6b 56 1f 2d 13 4b
FIXUPS: 776b d6 81 81 ffffee38 1a 1a 29 15 a 15 a 15 c b 15 a 15 a 15 c
FIXUPS: 68c2 a d 22 3b 46 c 3f 10 22 34 47 22 e 1c fffff2aa 23 4b 7 1f
FIXUPS: 5e37 10 a 22 31 10 1f 34 30 22 601 19 12 18 14 f 52 d 10 3b 43
FIXUPS: 66cc 1f 1f 1f 1e 1a ffffee47 1f 45 1f 1f 3d d 10 49 1d 14 51 7
FIXUPS: 5795 2c f9 3f 1c 37 1f 1f 66 1c 35 8 14e 45 28 1f 60 50 2f fffff21e
FIXUPS: 4f34 14 d 2c 20 b 21 d 1b a d 22 3c ab 2c 29 e 1f 52 18 c 17 2d
FIXUPS: 5282 7 1f 32 14 ad 1e1 d fffff3ce b 21 13 12 b 1c 33 8 242 3e 20
FIXUPS: 4cb0 5d 7 10 2f 4c d 10 a 1f 1f 20 10 e 21 d a 1f 46 26 fffff340
FIXUPS: 4268 33 1f 3c 15 16 16 23 5c 1f 32 10 1f 26 e 42 50 30 e 42 42
FIXUPS: 4600 32 27 29 29 27 138 6 10 125 fffff41d 60 15 2e 52 41 1f 37
FIXUPS: 3efb 1f 4e 11 6 18 1a 1f 6 f f 19 4e 18 a 2f 56 31 29 13 13 5f
FIXUPS: 421f 13 fffff0e5 12 b 1c 82 8 1c7 54 10 28 41 189 10 169 1c 64
FIXUPS: 3a0c b9 19 13 4b 1f 3c d 22 81 1f 33 15 16 16 69 ffffe74d 13 30
FIXUPS: 24e0 375 1c 64 1c 8c 1c 64 1c be 1c 5a 1c 6c 1c 307 1c 51 1c 13d
FIXUPS: 30dd 37 13 12 b 1c ac cb 2d ffffec0b 2a 5 d 51 d 35 10 30 d 2e
FIXUPS: 205e d 33 d 33 10 30 d 99 3a d6 22 4e 22 34 22 25 22 14 19 2e 38e9f
FIXUPS: 3b31b 7 1a 74 fffc6829 d 2c 11 19 25 23 1b 2a d 3b d 2b d 55 2e
FIXUPS: 1dea d 22 d 34 11 24 10 2a d 2c 38e9a 10 25 71 1d 51 26 1f 87 52
FIXUPS: 3afe6 3b 22 18 4c 28 26 2e 23 f 13 49 a 22 17 8 8 2c 3e 1d 1e b
FIXUPS: 3a928 21bef c c b fffde432 52 21 21b65 b fffde4c8 1a 39 21 36 2e
FIXUPS: 3ab2e 16 37 a 36 a 31 7 7 7 13 22 31 d 48 22 fffff8ce 2b 17 12
FIXUPS: 3a624 21ec3 c b fffde150 3e 18 15 19 1f 17 11 26 2f 35 18 1a 38
FIXUPS: 3a83d 24 12 2b 13 21 7 14 f 12 21ba0 fffddc90 15 6c 20 d3 2f 27
FIXUPS: 3a30f 1e 18 1a 22168 b fffddebc 24 13 19 1a f f 3a b5 2a 37 17
FIXUPS: 3a58c 7 7 7 7 7 fffff88b 49 14 a0 8 b 12 28 21 2c 27 7 7 7 7 7
FIXUPS: 3a022 7 12 37 27 7 7 7 7 7 7 7 12 1a 223a1 c fffdd5fc 15 19 16
FIXUPS: 39b44 f 2c 2c 43 7 c c 3a 34 20 22 1e 22 24 2b 17 f 12 1a 226c9
FIXUPS: 5c473 c b fffdd94b 15 12 29 fffff900 f 12 1a 22cb7 c c b fffdd354
FIXUPS: 397af 21 22 2b 7 10 12 12 1a 22bd5 b fffdd457 11 69 20 13 10 25
FIXUPS: 3999b 8c 11 13 33 fffff7d7 55 ec 49 1c 36 b b e e e e 10 32 d 30
FIXUPS: 3951f 15 19 16 1f 15 3f c 1f 3a 41 29 13 7 24 2b fffff78e 15 4d
FIXUPS: 38f0a c 38 47 3f 5a 7 7 7 12 2b 17 f 12 1a 232f5 c c b fffdcd32
FIXUPS: 39131 4a 1e 15 24 23222 b fffdce08 2b fffff87b 2b 17 f f 12 1a
FIXUPS: 5c367 c c c b fffdc7f6 15 e 53 5c 52 20 11 5b 23668 b fffdc9c8
FIXUPS: 38dac 35 d 30 21 13 19 16 fffff6fd 21 f 7 2b 17 f 12 1a 23d05 c
FIXUPS: 5c34f b fffdc304 21 13 19 16 26 49 15 1b 24 c 160 be 3e 28 29 3e
FIXUPS: 38a82 7 fffff691 3a 33 31 30 7 7 7 12 2b 17 f 12 1a 2407b c c b
FIXUPS: 382c7 da 2d 24 13 19 16 2d c 1e 44 51 25 12 23d6c c b fffdba68
FIXUPS: 37d57 e e e e c 20 37 43 72 20 46 7 77 24359 b fffdbcd2 d 30 24
FIXUPS: 38037 19 16 1f 60 7 16 c fffff6ca 18 2a 19 63 50 38 1a 1a 24945
FIXUPS: 5c2a2 fffdb7d1 47 18 4d 18 27 24 13 19 29 3e 24 21 f 7 2b 17 f
FIXUPS: 37cd3 1a 245ca fffdb180 1a 24df6 c b fffdb220 24 15 16 2c 3b 4b
FIXUPS: 37592 1c 7 17 1a 24c91 b fffdb38c 24 15 44 3e 24 15 2f 64 7 1b
FIXUPS: 377c1 c fffff906 1e 4f 7 7 7 7 17 1a 2507a b fffdafcc 15 18 3b
FIXUPS: 3726a 3b 7 7 17 1a 24f43 b fffdb0fc 15 16 3f 23 48 7 7 14 8c3e
FIXUPS: 5c639 e fffe3a67 d 36 13 13 32 5 d 73 10 ffff6bf0 20 25 1c 19 cf
FIXUPS: 36f2c 28 3a 2b 28 7 17 1a 251ce b fffdae7c 15 18 89ae 18 34 17
FIXUPS: 3fae1 2b 56 23 22 4c 16 1b 2e 17 1c9bd fffe368b 17 1f c d 32 10
FIXUPS: 3fdb4 1a 76 10 d6 10 35 38 6d 1f fffff511 10 2e 10 34 10 b1 7 c
FIXUPS: 3f6a8 b 10 e b 10 c c 27 c9 10 2e 10 34 10 6e 10 30 1a 37 17 69
FIXUPS: 3fa15 fffff66e 10 4a 16 13 13 13 3d 8 49 1d 15 10 39 10 b4 10 68
FIXUPS: 3f37b 18 17 21 1a 13 24 15 2f c 25 f 62 10 fffff840 11 11 f 8 c
FIXUPS: 3edac 11 d 1b 14 10 3a c 11 11 f 35 17 f 1a 2e 20 25 18 37 d 2d
FIXUPS: 3f004 13 40 1d fffff7c1 e 17 3e 17 34 c 11 11 f 34 10 30 1a 37
FIXUPS: 3e9fc 3c 17 62 c 12 b e 11 b 15 c 1b 17 142 64 44 fffff484 17 f
FIXUPS: 3e205 2e 20 25 18 37 d be 10 93 10 2f 1a 77 e 17 3b e 17 3e 17
FIXUPS: 3e707 6d 3b 1c f f b 10 fffff606 e e 15 20 15 10 f 10 36 10 5d
FIXUPS: 3df52 d 2e 10 82 17 28 11 3a 38 c 12 b e 11 b 15 c 1b 17 fffff988
FIXUPS: 3db2b f f b 10 31 f f f 21 2e 12 36 f d 30 f f d 3d d 37 a 8 31
FIXUPS: 3dda2 17 11 9 19 16 fffff920 21 32 e 17 3e 17 6a f d 32 7 c e b
FIXUPS: 3d8e3 e b 10 c c 27 36 10 33 10 35 18 34 17 43 20 1eb07 fffe0e26
FIXUPS: 3d414 19 8 f 15 c 1a 1f165 9 17 b fffe0eae 10 40 14 10 3c c 10
FIXUPS: 3d5c3 d 35 d 35 1e 3a 20 36 f f fffff86e 25 23 17 13 1a 1f 29 1f
FIXUPS: 3d093 21 1d 4b 13 1b 14 3f 16 d 4c 13 1b 14 3f 16 d 56 13 15 1a
FIXUPS: 5c5b4 17 fffe0322 1e 19 21 31 1c 98 50 f 39 16 16 31 15 5a 1f 1e
FIXUPS: 3cbe4 20 3c 33 1c 98 50 f 39 16 16 2d 1f 111 1a fffff4af 3b 20
FIXUPS: 3c482 67 15 1f 16 10 35 1f 2b 8 15 1a 9 15 e 3b 29 1c 9f 50 f 30
FIXUPS: 3c7e9 21 23 18 1b 10 5e fffff52f 15 18 1b 16 15 ae 21 1c 9f 50
FIXUPS: 3c063 20 2f 60 47 25 e 22 1c 14 e 37 34 34 37 37 50 25 41 12 3e
FIXUPS: 3b8c3 16 15 17 20c95 b fffdf3b3 23 b 33 19 4d 1c 28 1f 1c 5c 90
FIXUPS: 3bbb2 22 52 3a 15 18 19 6f 22 25 61 13 f f fffff5f0 7a 17 1f d
FIXUPS: 3b4c4 63 e 11 9c 1d 28 f f d 2c 1b f 20 20e9c c c b fffdf174 8a
FIXUPS: 3b7a2 1d 40 10 57 1f 1f
